---
source: src/legalizer/riscv/tests/complex.rs
expression: codegen.to_string()
---
    .global main
    .section .text
main:
    prologue:
        sd ra, -8(sp)
        sd sp, -16(sp)
        sd fp, -24(sp)
        mv fp, sp
        add sp, sp, -80
    entry:
        flw ft1, -32(fp)
        flw ft0, -40(fp)
        feq.s t0, ft1, ft0
        snez t0, t0
        beqz t0, and_merge2
    and_right2:
        flw ft1, -28(fp)
        flw ft0, -36(fp)
        feq.s t0, ft1, ft0
        snez t0, t0
        j and_merge2
    and_merge2:
        snez t0, t0
        beqz t0, and_merge
    and_right:
        flw ft1, -48(fp)
        flw ft0, -56(fp)
        feq.s t0, ft1, ft0
        seqz t0, t0
        snez t0, t0
        bnez t0, or_merge
    or_right:
        flw ft1, -44(fp)
        flw ft0, -52(fp)
        feq.s t0, ft1, ft0
        seqz t0, t0
        snez t0, t0
        j or_merge
    or_merge:
        snez t0, t0
        j and_merge
    and_merge:
        fcvt.s.lu ft0, t0
        fsw ft0, -72(fp)
        li t0, 0
        fmv.s.x ft0, t0
        fsw ft0, -68(fp)
        add t0, fp, -72
        mv a0, t0
        add t0, fp, -64
        mv a1, t0
        li a2, 8
        call memcpy
        li a0, 0
        ld ra, -8(fp)
        ld sp, -16(fp)
        ld fp, -24(fp)
        ret 
    .section .data
