---
source: src/typechecker/tests/expr.rs
expression: "ast.print_line(0).join(\"\\n\")"
---
TranslationUnit <(1, 1), (10, 1)>
  FunctionDecl  <(2, 5), (3, 1)> main int() 
    Compound <(3, 1), (9, 2)>
      DeclStmt <(4, 5), (4, 19)>
        TypeDecl <(4, 17), (4, 18)> A int typedef
      DeclStmt <(5, 5), (5, 11)>
        VarDecl <(5, 9), (5, 10)> a int 
      ExprStmt <(6, 5), (6, 14)>
        SizeOf  <(6, 5), (6, 14)> <error>  
          Name a <(6, 12), (6, 13)> int  lvalue
      ExprStmt <(7, 5), (7, 14)>
        SizeOf A:int <(7, 5), (7, 14)> <error>  
      ExprStmt <(8, 5), (8, 13)>
        SizeOf  <(8, 5), (8, 11)> unsigned long long 4 
          Name a <(8, 12), (8, 13)> int  lvalue
