---
source: src/typechecker/tests/expr.rs
expression: "re.replace_all(format! (\"{ast:#?}\").as_str(), \"\")"
---
RefCell {
    value: TranslationUnit {
        span: Span {
            start: ByteIndex(0),
            end: ByteIndex(50),
        },
        decls: [
            RefCell {
                value: Declaration {
                    span: Span {
                        start: ByteIndex(5),
                        end: ByteIndex(12),
                    },
                    attributes: [],
                    name: "main",
                    type: RefCell {
                        value: Type {
                            span: Span {
                                start: ByteIndex(9),
                                end: ByteIndex(12),
                            },
                            attributes: [],
                            kind: Function {
                                return_type: RefCell {
                                    value: Type {
                                        span: Span {
                                            start: ByteIndex(1),
                                            end: ByteIndex(5),
                                        },
                                        attributes: [],
                                        kind: Int,
                                    },
                                },
                                parameters_type: [],
                                has_varparam: false,
                            },
                        },
                    },
                    storage_classes: [],
                    kind: Function {
                        parameter_decls: [],
                        function_specs: [],
                        body: Some(
                            RefCell {
                                value: Stmt {
                                    span: Span {
                                        start: ByteIndex(12),
                                        end: ByteIndex(49),
                                    },
                                    attributes: [],
                                    kind: Compound(
                                        [
                                            RefCell {
                                                value: Stmt {
                                                    span: Span {
                                                        start: ByteIndex(18),
                                                        end: ByteIndex(22),
                                                    },
                                                    attributes: [],
                                                    kind: Expr(
                                                        RefCell {
                                                            value: Expr {
                                                                span: Span {
                                                                    start: ByteIndex(18),
                                                                    end: ByteIndex(22),
                                                                },
                                                                kind: True,
                                                                type: RefCell {
                                                                    value: Type {
                                                                        span: Span {
                                                                            start: ByteIndex(18),
                                                                            end: ByteIndex(22),
                                                                        },
                                                                        attributes: [],
                                                                        kind: Bool,
                                                                    },
                                                                },
                                                                value: Bool(
                                                                    true,
                                                                ),
                                                                is_lvalue: false,
                                                                symbol: None,
                                                            },
                                                        },
                                                    ),
                                                },
                                            },
                                            RefCell {
                                                value: Stmt {
                                                    span: Span {
                                                        start: ByteIndex(28),
                                                        end: ByteIndex(33),
                                                    },
                                                    attributes: [],
                                                    kind: Expr(
                                                        RefCell {
                                                            value: Expr {
                                                                span: Span {
                                                                    start: ByteIndex(28),
                                                                    end: ByteIndex(33),
                                                                },
                                                                kind: False,
                                                                type: RefCell {
                                                                    value: Type {
                                                                        span: Span {
                                                                            start: ByteIndex(28),
                                                                            end: ByteIndex(33),
                                                                        },
                                                                        attributes: [],
                                                                        kind: Bool,
                                                                    },
                                                                },
                                                                value: Bool(
                                                                    false,
                                                                ),
                                                                is_lvalue: false,
                                                                symbol: None,
                                                            },
                                                        },
                                                    ),
                                                },
                                            },
                                            RefCell {
                                                value: Stmt {
                                                    span: Span {
                                                        start: ByteIndex(39),
                                                        end: ByteIndex(46),
                                                    },
                                                    attributes: [],
                                                    kind: Expr(
                                                        RefCell {
                                                            value: Expr {
                                                                span: Span {
                                                                    start: ByteIndex(39),
                                                                    end: ByteIndex(46),
                                                                },
                                                                kind: Nullptr,
                                                                type: RefCell {
                                                                    value: Type {
                                                                        span: Span {
                                                                            start: ByteIndex(39),
                                                                            end: ByteIndex(46),
                                                                        },
                                                                        attributes: [],
                                                                        kind: Nullptr,
                                                                    },
                                                                },
                                                                value: Nullptr,
                                                                is_lvalue: false,
                                                                symbol: None,
                                                            },
                                                        },
                                                    ),
                                                },
                                            },
                                        ],
                                    ),
                                },
                            },
                        ),
                    },
                    children: [],
                },
            },
        ],
    },
}
