---
source: src/typechecker/tests/init.rs
expression: "ast.print_line(0).join(\"\\n\")"
---
TranslationUnit <(1, 1), (6, 1)>
  FunctionDecl  <(2, 5), (3, 1)> main int() 
    Compound <(3, 1), (5, 2)>
      DeclStmt <(4, 5), (4, 15)>
        VarDecl <(4, 9), (4, 10)> a int 
          Initializer <(4, 11), (4, 14)> int 
            Initializer <(4, 12), (4, 13)> int 1
              Integer 10 1 [] <(4, 12), (4, 13)> int 1
