---
source: src/typechecker/tests/expr.rs
expression: "ast.print_line(0).join(\"\\n\")"
---
TranslationUnit <(1, 1), (10, 1)>
  FunctionDecl  <(2, 5), (3, 1)> main int() 
    Compound <(3, 1), (9, 2)>
      ExprStmt <(4, 5), (4, 8)>
        Float 10 0.1 10 0 [] <(4, 5), (4, 8)> double 1/10 
      ExprStmt <(5, 5), (5, 7)>
        Float 10 0. 10 0 [] <(5, 5), (5, 7)> double 0 
      ExprStmt <(6, 5), (6, 7)>
        Float 10 .1 10 0 [] <(6, 5), (6, 7)> double 1/10 
      ExprStmt <(7, 5), (7, 11)>
        Float 10 0.1 10 -2 [] <(7, 5), (7, 11)> double 1/1000 
      ExprStmt <(8, 5), (8, 12)>
        Float 16 0.f 2 1 [] <(8, 5), (8, 12)> double 15/8
