---
source: src/typechecker/tests/expr.rs
expression: "Regex ::\nnew(r#\"define_loc[\\s\\S]*?name\"#).unwrap().replace_all(& Regex ::\nnew(r#\"\\n.*?file_id[\\s\\S]*?,\"#).unwrap().replace_all(format!\n(\"{ast:#?}\").as_str(), \"\"), \"name\")"
---
RefCell {
    value: TranslationUnit {
        span: Span {
            start: ByteIndex(0),
            end: ByteIndex(49),
        },
        decls: [
            RefCell {
                value: Declaration {
                    span: Span {
                        start: ByteIndex(5),
                        end: ByteIndex(12),
                    },
                    attributes: [],
                    name: "main",
                    type: RefCell {
                        value: Type {
                            span: Span {
                                start: ByteIndex(9),
                                end: ByteIndex(12),
                            },
                            attributes: [],
                            kind: Function {
                                return_type: RefCell {
                                    value: Type {
                                        span: Span {
                                            start: ByteIndex(1),
                                            end: ByteIndex(5),
                                        },
                                        attributes: [],
                                        kind: Int,
                                    },
                                },
                                parameters_type: [],
                                has_varparam: false,
                            },
                        },
                    },
                    storage_classes: [],
                    kind: Function {
                        parameter_decls: [],
                        function_specs: [],
                        body: Some(
                            RefCell {
                                value: Stmt {
                                    span: Span {
                                        start: ByteIndex(12),
                                        end: ByteIndex(48),
                                    },
                                    attributes: [],
                                    kind: Compound(
                                        [
                                            RefCell {
                                                value: Stmt {
                                                    span: Span {
                                                        start: ByteIndex(18),
                                                        end: ByteIndex(37),
                                                    },
                                                    attributes: [],
                                                    kind: Decl(
                                                        [
                                                            RefCell {
                                                                value: Declaration {
                                                                    span: Span {
                                                                        start: ByteIndex(18),
                                                                        end: ByteIndex(34),
                                                                    },
                                                                    attributes: [],
                                                                    name: "A",
                                                                    type: RefCell {
                                                                        value: Type {
                                                                            span: Span {
                                                                                start: ByteIndex(18),
                                                                                end: ByteIndex(34),
                                                                            },
                                                                            attributes: [],
                                                                            kind: Record {
                                                                                name: "A",
                                                                                kind: Struct,
                                                                                members: Some(
                                                                                    {
                                                                                        "a": RefCell {
                                                                                            value: Symbol {
                                                                                                name: "a",
                                                                                                kind: Member {
                                                                                                    bit_field: None,
                                                                                                },
                                                                                                type: RefCell {
                                                                                                    value: Type {
                                                                                                        span: Span {
                                                                                                            start: ByteIndex(27),
                                                                                                            end: ByteIndex(31),
                                                                                                        },
                                                                                                        attributes: [],
                                                                                                        kind: Int,
                                                                                                    },
                                                                                                },
                                                                                                attributes: [],
                                                                                            },
                                                                                        },
                                                                                    },
                                                                                ),
                                                                            },
                                                                        },
                                                                    },
                                                                    storage_classes: [],
                                                                    kind: Record {
                                                                        members_decl: Some(
                                                                            [
                                                                                RefCell {
                                                                                    value: Declaration {
                                                                                        span: Span {
                                                                                            start: ByteIndex(31),
                                                                                            end: ByteIndex(32),
                                                                                        },
                                                                                        attributes: [],
                                                                                        name: "a",
                                                                                        type: RefCell {
                                                                                            value: Type {
                                                                                                span: Span {
                                                                                                    start: ByteIndex(27),
                                                                                                    end: ByteIndex(31),
                                                                                                },
                                                                                                attributes: [],
                                                                                                kind: Int,
                                                                                            },
                                                                                        },
                                                                                        storage_classes: [],
                                                                                        kind: Member {
                                                                                            bit_field: None,
                                                                                        },
                                                                                        children: [],
                                                                                    },
                                                                                },
                                                                            ],
                                                                        ),
                                                                    },
                                                                    children: [],
                                                                },
                                                            },
                                                            RefCell {
                                                                value: Declaration {
                                                                    span: Span {
                                                                        start: ByteIndex(35),
                                                                        end: ByteIndex(36),
                                                                    },
                                                                    attributes: [],
                                                                    name: "a",
                                                                    type: RefCell {
                                                                        value: Type {
                                                                            span: Span {
                                                                                start: ByteIndex(18),
                                                                                end: ByteIndex(34),
                                                                            },
                                                                            attributes: [],
                                                                            kind: Record {
                                                                                name: "A",
                                                                                kind: Struct,
                                                                                members: Some(
                                                                                    {
                                                                                        "a": RefCell {
                                                                                            value: Symbol {
                                                                                                name: "a",
                                                                                                kind: Member {
                                                                                                    bit_field: None,
                                                                                                },
                                                                                                type: RefCell {
                                                                                                    value: Type {
                                                                                                        span: Span {
                                                                                                            start: ByteIndex(27),
                                                                                                            end: ByteIndex(31),
                                                                                                        },
                                                                                                        attributes: [],
                                                                                                        kind: Int,
                                                                                                    },
                                                                                                },
                                                                                                attributes: [],
                                                                                            },
                                                                                        },
                                                                                    },
                                                                                ),
                                                                            },
                                                                        },
                                                                    },
                                                                    storage_classes: [],
                                                                    kind: Var {
                                                                        initializer: None,
                                                                    },
                                                                    children: [],
                                                                },
                                                            },
                                                        ],
                                                    ),
                                                },
                                            },
                                            RefCell {
                                                value: Stmt {
                                                    span: Span {
                                                        start: ByteIndex(42),
                                                        end: ByteIndex(45),
                                                    },
                                                    attributes: [],
                                                    kind: Expr(
                                                        RefCell {
                                                            value: Expr {
                                                                span: Span {
                                                                    start: ByteIndex(43),
                                                                    end: ByteIndex(45),
                                                                },
                                                                kind: Cast {
                                                                    is_implicit: true,
                                                                    target: RefCell {
                                                                        value: Expr {
                                                                            span: Span {
                                                                                start: ByteIndex(43),
                                                                                end: ByteIndex(45),
                                                                            },
                                                                            kind: MemberAccess {
                                                                                target: RefCell {
                                                                                    value: Expr {
                                                                                        span: Span {
                                                                                            start: ByteIndex(42),
                                                                                            end: ByteIndex(43),
                                                                                        },
                                                                                        kind: Name(
                                                                                            "a",
                                                                                        ),
                                                                                        type: RefCell {
                                                                                            value: Type {
                                                                                                span: Span {
                                                                                                    start: ByteIndex(18),
                                                                                                    end: ByteIndex(34),
                                                                                                },
                                                                                                attributes: [],
                                                                                                kind: Record {
                                                                                                    name: "A",
                                                                                                    kind: Struct,
                                                                                                    members: Some(
                                                                                                        {
                                                                                                            "a": RefCell {
                                                                                                                value: Symbol {
                                                                                                                    name: "a",
                                                                                                                    kind: Member {
                                                                                                                        bit_field: None,
                                                                                                                    },
                                                                                                                    type: RefCell {
                                                                                                                        value: Type {
                                                                                                                            span: Span {
                                                                                                                                start: ByteIndex(27),
                                                                                                                                end: ByteIndex(31),
                                                                                                                            },
                                                                                                                            attributes: [],
                                                                                                                            kind: Int,
                                                                                                                        },
                                                                                                                    },
                                                                                                                    attributes: [],
                                                                                                                },
                                                                                                            },
                                                                                                        },
                                                                                                    ),
                                                                                                },
                                                                                            },
                                                                                        },
                                                                                        value: Unknown,
                                                                                        is_lvalue: true,
                                                                                        symbol: Some(
                                                                                            RefCell {
                                                                                                value: Symbol {
                                                                                                    name: "a",
                                                                                                    kind: Object {
                                                                                                        storage_classes: [],
                                                                                                    },
                                                                                                    type: RefCell {
                                                                                                        value: Type {
                                                                                                            span: Span {
                                                                                                                start: ByteIndex(18),
                                                                                                                end: ByteIndex(34),
                                                                                                            },
                                                                                                            attributes: [],
                                                                                                            kind: Record {
                                                                                                                name: "A",
                                                                                                                kind: Struct,
                                                                                                                members: Some(
                                                                                                                    {
                                                                                                                        "a": RefCell {
                                                                                                                            value: Symbol {
                                                                                                                                name: "a",
                                                                                                                                kind: Member {
                                                                                                                                    bit_field: None,
                                                                                                                                },
                                                                                                                                type: RefCell {
                                                                                                                                    value: Type {
                                                                                                                                        span: Span {
                                                                                                                                            start: ByteIndex(27),
                                                                                                                                            end: ByteIndex(31),
                                                                                                                                        },
                                                                                                                                        attributes: [],
                                                                                                                                        kind: Int,
                                                                                                                                    },
                                                                                                                                },
                                                                                                                                attributes: [],
                                                                                                                            },
                                                                                                                        },
                                                                                                                    },
                                                                                                                ),
                                                                                                            },
                                                                                                        },
                                                                                                    },
                                                                                                    attributes: [],
                                                                                                },
                                                                                            },
                                                                                        ),
                                                                                    },
                                                                                },
                                                                                is_arrow: false,
                                                                                name: "a",
                                                                            },
                                                                            type: RefCell {
                                                                                value: Type {
                                                                                    span: Span {
                                                                                        start: ByteIndex(27),
                                                                                        end: ByteIndex(31),
                                                                                    },
                                                                                    attributes: [],
                                                                                    kind: Int,
                                                                                },
                                                                            },
                                                                            value: Unknown,
                                                                            is_lvalue: true,
                                                                            symbol: Some(
                                                                                RefCell {
                                                                                    value: Symbol {
                                                                                        name: "a",
                                                                                        kind: Member {
                                                                                            bit_field: None,
                                                                                        },
                                                                                        type: RefCell {
                                                                                            value: Type {
                                                                                                span: Span {
                                                                                                    start: ByteIndex(27),
                                                                                                    end: ByteIndex(31),
                                                                                                },
                                                                                                attributes: [],
                                                                                                kind: Int,
                                                                                            },
                                                                                        },
                                                                                        attributes: [],
                                                                                    },
                                                                                },
                                                                            ),
                                                                        },
                                                                    },
                                                                    decls: [],
                                                                },
                                                                type: RefCell {
                                                                    value: Type {
                                                                        span: Span {
                                                                            start: ByteIndex(27),
                                                                            end: ByteIndex(31),
                                                                        },
                                                                        attributes: [],
                                                                        kind: Int,
                                                                    },
                                                                },
                                                                value: Unknown,
                                                                is_lvalue: false,
                                                                symbol: None,
                                                            },
                                                        },
                                                    ),
                                                },
                                            },
                                        ],
                                    ),
                                },
                            },
                        ),
                    },
                    children: [],
                },
            },
        ],
    },
}
