---
source: src/typechecker/tests/expr.rs
expression: "ast.print_line(0).join(\"\\n\")"
---
TranslationUnit <(1, 1), (7, 1)>
  FunctionDecl  <(2, 5), (3, 1)> main int() 
    Compound <(3, 1), (6, 2)>
      DeclStmt <(4, 5), (4, 24)>
        RecordDecl <(4, 5), (4, 21)> A struct A 
          MemberDecl <(4, 18), (4, 19)> a int 
        VarDecl <(4, 22), (4, 23)> a struct A 
      ExprStmt <(5, 5), (5, 8)>
        ImplicitCast <LToRValue> <(5, 6), (5, 8)> int  
          MemberAccess . a <(5, 6), (5, 8)> int  lvalue
            Name a <(5, 5), (5, 6)> struct A  lvalue
