---
source: src/typechecker/tests/expr.rs
expression: "Regex ::\nnew(r#\"define_loc[\\s\\S]*?name\"#).unwrap().replace_all(& Regex ::\nnew(r#\"\\n.*?file_id[\\s\\S]*?,\"#).unwrap().replace_all(format!\n(\"{ast:#?}\").as_str(), \"\"), \"name\")"
---
RefCell {
    value: TranslationUnit {
        span: Span {
            start: ByteIndex(0),
            end: ByteIndex(111),
        },
        decls: [
            RefCell {
                value: Declaration {
                    span: Span {
                        start: ByteIndex(6),
                        end: ByteIndex(31),
                    },
                    attributes: [],
                    name: "printf",
                    type: RefCell {
                        value: Type {
                            span: Span {
                                start: ByteIndex(12),
                                end: ByteIndex(31),
                            },
                            attributes: [],
                            kind: Function {
                                return_type: RefCell {
                                    value: Type {
                                        span: Span {
                                            start: ByteIndex(1),
                                            end: ByteIndex(6),
                                        },
                                        attributes: [],
                                        kind: Void,
                                    },
                                },
                                parameters_type: [
                                    RefCell {
                                        value: Type {
                                            span: Span {
                                                start: ByteIndex(17),
                                                end: ByteIndex(19),
                                            },
                                            attributes: [],
                                            kind: Pointer(
                                                RefCell {
                                                    value: Type {
                                                        span: Span {
                                                            start: ByteIndex(13),
                                                            end: ByteIndex(17),
                                                        },
                                                        attributes: [],
                                                        kind: Char,
                                                    },
                                                },
                                            ),
                                        },
                                    },
                                ],
                                has_varparam: true,
                            },
                        },
                    },
                    storage_classes: [],
                    kind: Function {
                        parameter_decls: [
                            RefCell {
                                value: Declaration {
                                    span: Span {
                                        start: ByteIndex(17),
                                        end: ByteIndex(26),
                                    },
                                    attributes: [],
                                    name: "message",
                                    type: RefCell {
                                        value: Type {
                                            span: Span {
                                                start: ByteIndex(17),
                                                end: ByteIndex(19),
                                            },
                                            attributes: [],
                                            kind: Pointer(
                                                RefCell {
                                                    value: Type {
                                                        span: Span {
                                                            start: ByteIndex(13),
                                                            end: ByteIndex(17),
                                                        },
                                                        attributes: [],
                                                        kind: Char,
                                                    },
                                                },
                                            ),
                                        },
                                    },
                                    storage_classes: [],
                                    kind: Parameter,
                                    children: [],
                                },
                            },
                        ],
                        function_specs: [],
                        body: None,
                    },
                    children: [],
                },
            },
            RefCell {
                value: Declaration {
                    span: Span {
                        start: ByteIndex(38),
                        end: ByteIndex(45),
                    },
                    attributes: [],
                    name: "main",
                    type: RefCell {
                        value: Type {
                            span: Span {
                                start: ByteIndex(42),
                                end: ByteIndex(45),
                            },
                            attributes: [],
                            kind: Function {
                                return_type: RefCell {
                                    value: Type {
                                        span: Span {
                                            start: ByteIndex(34),
                                            end: ByteIndex(38),
                                        },
                                        attributes: [],
                                        kind: Int,
                                    },
                                },
                                parameters_type: [],
                                has_varparam: false,
                            },
                        },
                    },
                    storage_classes: [],
                    kind: Function {
                        parameter_decls: [],
                        function_specs: [],
                        body: Some(
                            RefCell {
                                value: Stmt {
                                    span: Span {
                                        start: ByteIndex(45),
                                        end: ByteIndex(110),
                                    },
                                    attributes: [],
                                    kind: Compound(
                                        [
                                            RefCell {
                                                value: Stmt {
                                                    span: Span {
                                                        start: ByteIndex(51),
                                                        end: ByteIndex(59),
                                                    },
                                                    attributes: [],
                                                    kind: Decl(
                                                        [
                                                            RefCell {
                                                                value: Declaration {
                                                                    span: Span {
                                                                        start: ByteIndex(57),
                                                                        end: ByteIndex(58),
                                                                    },
                                                                    attributes: [],
                                                                    name: "a",
                                                                    type: RefCell {
                                                                        value: Type {
                                                                            span: Span {
                                                                                start: ByteIndex(51),
                                                                                end: ByteIndex(57),
                                                                            },
                                                                            attributes: [],
                                                                            kind: Float,
                                                                        },
                                                                    },
                                                                    storage_classes: [],
                                                                    kind: Var {
                                                                        initializer: None,
                                                                    },
                                                                    children: [],
                                                                },
                                                            },
                                                        ],
                                                    ),
                                                },
                                            },
                                            RefCell {
                                                value: Stmt {
                                                    span: Span {
                                                        start: ByteIndex(64),
                                                        end: ByteIndex(77),
                                                    },
                                                    attributes: [],
                                                    kind: Decl(
                                                        [
                                                            RefCell {
                                                                value: Declaration {
                                                                    span: Span {
                                                                        start: ByteIndex(75),
                                                                        end: ByteIndex(76),
                                                                    },
                                                                    attributes: [],
                                                                    name: "b",
                                                                    type: RefCell {
                                                                        value: Type {
                                                                            span: Span {
                                                                                start: ByteIndex(64),
                                                                                end: ByteIndex(75),
                                                                            },
                                                                            attributes: [],
                                                                            kind: Qualified {
                                                                                qualifiers: [
                                                                                    Const,
                                                                                ],
                                                                                type: RefCell {
                                                                                    value: Type {
                                                                                        span: Span {
                                                                                            start: ByteIndex(70),
                                                                                            end: ByteIndex(74),
                                                                                        },
                                                                                        attributes: [],
                                                                                        kind: Char,
                                                                                    },
                                                                                },
                                                                            },
                                                                        },
                                                                    },
                                                                    storage_classes: [],
                                                                    kind: Var {
                                                                        initializer: None,
                                                                    },
                                                                    children: [],
                                                                },
                                                            },
                                                        ],
                                                    ),
                                                },
                                            },
                                            RefCell {
                                                value: Stmt {
                                                    span: Span {
                                                        start: ByteIndex(82),
                                                        end: ByteIndex(107),
                                                    },
                                                    attributes: [],
                                                    kind: Expr(
                                                        RefCell {
                                                            value: Expr {
                                                                span: Span {
                                                                    start: ByteIndex(88),
                                                                    end: ByteIndex(107),
                                                                },
                                                                kind: FunctionCall {
                                                                    target: RefCell {
                                                                        value: Expr {
                                                                            span: Span {
                                                                                start: ByteIndex(82),
                                                                                end: ByteIndex(88),
                                                                            },
                                                                            kind: Cast {
                                                                                is_implicit: true,
                                                                                target: RefCell {
                                                                                    value: Expr {
                                                                                        span: Span {
                                                                                            start: ByteIndex(82),
                                                                                            end: ByteIndex(88),
                                                                                        },
                                                                                        kind: Name(
                                                                                            "printf",
                                                                                        ),
                                                                                        type: RefCell {
                                                                                            value: Type {
                                                                                                span: Span {
                                                                                                    start: ByteIndex(12),
                                                                                                    end: ByteIndex(31),
                                                                                                },
                                                                                                attributes: [],
                                                                                                kind: Function {
                                                                                                    return_type: RefCell {
                                                                                                        value: Type {
                                                                                                            span: Span {
                                                                                                                start: ByteIndex(1),
                                                                                                                end: ByteIndex(6),
                                                                                                            },
                                                                                                            attributes: [],
                                                                                                            kind: Void,
                                                                                                        },
                                                                                                    },
                                                                                                    parameters_type: [
                                                                                                        RefCell {
                                                                                                            value: Type {
                                                                                                                span: Span {
                                                                                                                    start: ByteIndex(17),
                                                                                                                    end: ByteIndex(19),
                                                                                                                },
                                                                                                                attributes: [],
                                                                                                                kind: Pointer(
                                                                                                                    RefCell {
                                                                                                                        value: Type {
                                                                                                                            span: Span {
                                                                                                                                start: ByteIndex(13),
                                                                                                                                end: ByteIndex(17),
                                                                                                                            },
                                                                                                                            attributes: [],
                                                                                                                            kind: Char,
                                                                                                                        },
                                                                                                                    },
                                                                                                                ),
                                                                                                            },
                                                                                                        },
                                                                                                    ],
                                                                                                    has_varparam: true,
                                                                                                },
                                                                                            },
                                                                                        },
                                                                                        value: Unknown,
                                                                                        is_lvalue: false,
                                                                                        symbol: Some(
                                                                                            RefCell {
                                                                                                value: Symbol {
                                                                                                    name: "printf",
                                                                                                    kind: Function {
                                                                                                        function_specs: [],
                                                                                                    },
                                                                                                    type: RefCell {
                                                                                                        value: Type {
                                                                                                            span: Span {
                                                                                                                start: ByteIndex(12),
                                                                                                                end: ByteIndex(31),
                                                                                                            },
                                                                                                            attributes: [],
                                                                                                            kind: Function {
                                                                                                                return_type: RefCell {
                                                                                                                    value: Type {
                                                                                                                        span: Span {
                                                                                                                            start: ByteIndex(1),
                                                                                                                            end: ByteIndex(6),
                                                                                                                        },
                                                                                                                        attributes: [],
                                                                                                                        kind: Void,
                                                                                                                    },
                                                                                                                },
                                                                                                                parameters_type: [
                                                                                                                    RefCell {
                                                                                                                        value: Type {
                                                                                                                            span: Span {
                                                                                                                                start: ByteIndex(17),
                                                                                                                                end: ByteIndex(19),
                                                                                                                            },
                                                                                                                            attributes: [],
                                                                                                                            kind: Pointer(
                                                                                                                                RefCell {
                                                                                                                                    value: Type {
                                                                                                                                        span: Span {
                                                                                                                                            start: ByteIndex(13),
                                                                                                                                            end: ByteIndex(17),
                                                                                                                                        },
                                                                                                                                        attributes: [],
                                                                                                                                        kind: Char,
                                                                                                                                    },
                                                                                                                                },
                                                                                                                            ),
                                                                                                                        },
                                                                                                                    },
                                                                                                                ],
                                                                                                                has_varparam: true,
                                                                                                            },
                                                                                                        },
                                                                                                    },
                                                                                                    attributes: [],
                                                                                                },
                                                                                            },
                                                                                        ),
                                                                                    },
                                                                                },
                                                                                decls: [],
                                                                            },
                                                                            type: RefCell {
                                                                                value: Type {
                                                                                    span: Span {
                                                                                        start: ByteIndex(12),
                                                                                        end: ByteIndex(31),
                                                                                    },
                                                                                    attributes: [],
                                                                                    kind: Pointer(
                                                                                        RefCell {
                                                                                            value: Type {
                                                                                                span: Span {
                                                                                                    start: ByteIndex(12),
                                                                                                    end: ByteIndex(31),
                                                                                                },
                                                                                                attributes: [],
                                                                                                kind: Function {
                                                                                                    return_type: RefCell {
                                                                                                        value: Type {
                                                                                                            span: Span {
                                                                                                                start: ByteIndex(1),
                                                                                                                end: ByteIndex(6),
                                                                                                            },
                                                                                                            attributes: [],
                                                                                                            kind: Void,
                                                                                                        },
                                                                                                    },
                                                                                                    parameters_type: [
                                                                                                        RefCell {
                                                                                                            value: Type {
                                                                                                                span: Span {
                                                                                                                    start: ByteIndex(17),
                                                                                                                    end: ByteIndex(19),
                                                                                                                },
                                                                                                                attributes: [],
                                                                                                                kind: Pointer(
                                                                                                                    RefCell {
                                                                                                                        value: Type {
                                                                                                                            span: Span {
                                                                                                                                start: ByteIndex(13),
                                                                                                                                end: ByteIndex(17),
                                                                                                                            },
                                                                                                                            attributes: [],
                                                                                                                            kind: Char,
                                                                                                                        },
                                                                                                                    },
                                                                                                                ),
                                                                                                            },
                                                                                                        },
                                                                                                    ],
                                                                                                    has_varparam: true,
                                                                                                },
                                                                                            },
                                                                                        },
                                                                                    ),
                                                                                },
                                                                            },
                                                                            value: Unknown,
                                                                            is_lvalue: false,
                                                                            symbol: None,
                                                                        },
                                                                    },
                                                                    arguments: [
                                                                        RefCell {
                                                                            value: Expr {
                                                                                span: Span {
                                                                                    start: ByteIndex(89),
                                                                                    end: ByteIndex(102),
                                                                                },
                                                                                kind: Cast {
                                                                                    is_implicit: true,
                                                                                    target: RefCell {
                                                                                        value: Expr {
                                                                                            span: Span {
                                                                                                start: ByteIndex(89),
                                                                                                end: ByteIndex(102),
                                                                                            },
                                                                                            kind: String {
                                                                                                prefix: Default,
                                                                                                text: "Hello,World",
                                                                                            },
                                                                                            type: RefCell {
                                                                                                value: Type {
                                                                                                    span: Span {
                                                                                                        start: ByteIndex(89),
                                                                                                        end: ByteIndex(102),
                                                                                                    },
                                                                                                    attributes: [],
                                                                                                    kind: Array {
                                                                                                        has_static: false,
                                                                                                        has_star: false,
                                                                                                        element_type: RefCell {
                                                                                                            value: Type {
                                                                                                                span: Span {
                                                                                                                    start: ByteIndex(89),
                                                                                                                    end: ByteIndex(102),
                                                                                                                },
                                                                                                                attributes: [],
                                                                                                                kind: Qualified {
                                                                                                                    qualifiers: [
                                                                                                                        Const,
                                                                                                                    ],
                                                                                                                    type: RefCell {
                                                                                                                        value: Type {
                                                                                                                            span: Span {
                                                                                                                                start: ByteIndex(89),
                                                                                                                                end: ByteIndex(102),
                                                                                                                            },
                                                                                                                            attributes: [],
                                                                                                                            kind: Char,
                                                                                                                        },
                                                                                                                    },
                                                                                                                },
                                                                                                            },
                                                                                                        },
                                                                                                        len_expr: Some(
                                                                                                            RefCell {
                                                                                                                value: Expr {
                                                                                                                    span: Span {
                                                                                                                        start: ByteIndex(89),
                                                                                                                        end: ByteIndex(102),
                                                                                                                    },
                                                                                                                    kind: Integer {
                                                                                                                        base: 10,
                                                                                                                        text: "12",
                                                                                                                        type_suffix: [],
                                                                                                                    },
                                                                                                                    type: RefCell {
                                                                                                                        value: Type {
                                                                                                                            span: Span {
                                                                                                                                start: ByteIndex(89),
                                                                                                                                end: ByteIndex(102),
                                                                                                                            },
                                                                                                                            attributes: [],
                                                                                                                            kind: ULongLong,
                                                                                                                        },
                                                                                                                    },
                                                                                                                    value: Int(
                                                                                                                        12,
                                                                                                                    ),
                                                                                                                    is_lvalue: false,
                                                                                                                    symbol: None,
                                                                                                                },
                                                                                                            },
                                                                                                        ),
                                                                                                    },
                                                                                                },
                                                                                            },
                                                                                            value: Array(
                                                                                                [
                                                                                                    Int(
                                                                                                        72,
                                                                                                    ),
                                                                                                    Int(
                                                                                                        101,
                                                                                                    ),
                                                                                                    Int(
                                                                                                        108,
                                                                                                    ),
                                                                                                    Int(
                                                                                                        108,
                                                                                                    ),
                                                                                                    Int(
                                                                                                        111,
                                                                                                    ),
                                                                                                    Int(
                                                                                                        44,
                                                                                                    ),
                                                                                                    Int(
                                                                                                        87,
                                                                                                    ),
                                                                                                    Int(
                                                                                                        111,
                                                                                                    ),
                                                                                                    Int(
                                                                                                        114,
                                                                                                    ),
                                                                                                    Int(
                                                                                                        108,
                                                                                                    ),
                                                                                                    Int(
                                                                                                        100,
                                                                                                    ),
                                                                                                    Int(
                                                                                                        0,
                                                                                                    ),
                                                                                                ],
                                                                                            ),
                                                                                            is_lvalue: true,
                                                                                            symbol: None,
                                                                                        },
                                                                                    },
                                                                                    decls: [],
                                                                                },
                                                                                type: RefCell {
                                                                                    value: Type {
                                                                                        span: Span {
                                                                                            start: ByteIndex(89),
                                                                                            end: ByteIndex(102),
                                                                                        },
                                                                                        attributes: [
                                                                                            RefCell {
                                                                                                value: Attribute {
                                                                                                    span: Span {
                                                                                                        start: ByteIndex(89),
                                                                                                        end: ByteIndex(102),
                                                                                                    },
                                                                                                    prefix_name: None,
                                                                                                    name: "ptr_from_array",
                                                                                                    kind: PtrFromArray {
                                                                                                        array_type: RefCell {
                                                                                                            value: Type {
                                                                                                                span: Span {
                                                                                                                    start: ByteIndex(89),
                                                                                                                    end: ByteIndex(102),
                                                                                                                },
                                                                                                                attributes: [],
                                                                                                                kind: Array {
                                                                                                                    has_static: false,
                                                                                                                    has_star: false,
                                                                                                                    element_type: RefCell {
                                                                                                                        value: Type {
                                                                                                                            span: Span {
                                                                                                                                start: ByteIndex(89),
                                                                                                                                end: ByteIndex(102),
                                                                                                                            },
                                                                                                                            attributes: [],
                                                                                                                            kind: Qualified {
                                                                                                                                qualifiers: [
                                                                                                                                    Const,
                                                                                                                                ],
                                                                                                                                type: RefCell {
                                                                                                                                    value: Type {
                                                                                                                                        span: Span {
                                                                                                                                            start: ByteIndex(89),
                                                                                                                                            end: ByteIndex(102),
                                                                                                                                        },
                                                                                                                                        attributes: [],
                                                                                                                                        kind: Char,
                                                                                                                                    },
                                                                                                                                },
                                                                                                                            },
                                                                                                                        },
                                                                                                                    },
                                                                                                                    len_expr: Some(
                                                                                                                        RefCell {
                                                                                                                            value: Expr {
                                                                                                                                span: Span {
                                                                                                                                    start: ByteIndex(89),
                                                                                                                                    end: ByteIndex(102),
                                                                                                                                },
                                                                                                                                kind: Integer {
                                                                                                                                    base: 10,
                                                                                                                                    text: "12",
                                                                                                                                    type_suffix: [],
                                                                                                                                },
                                                                                                                                type: RefCell {
                                                                                                                                    value: Type {
                                                                                                                                        span: Span {
                                                                                                                                            start: ByteIndex(89),
                                                                                                                                            end: ByteIndex(102),
                                                                                                                                        },
                                                                                                                                        attributes: [],
                                                                                                                                        kind: ULongLong,
                                                                                                                                    },
                                                                                                                                },
                                                                                                                                value: Int(
                                                                                                                                    12,
                                                                                                                                ),
                                                                                                                                is_lvalue: false,
                                                                                                                                symbol: None,
                                                                                                                            },
                                                                                                                        },
                                                                                                                    ),
                                                                                                                },
                                                                                                            },
                                                                                                        },
                                                                                                    },
                                                                                                },
                                                                                            },
                                                                                        ],
                                                                                        kind: Pointer(
                                                                                            RefCell {
                                                                                                value: Type {
                                                                                                    span: Span {
                                                                                                        start: ByteIndex(89),
                                                                                                        end: ByteIndex(102),
                                                                                                    },
                                                                                                    attributes: [],
                                                                                                    kind: Qualified {
                                                                                                        qualifiers: [
                                                                                                            Const,
                                                                                                        ],
                                                                                                        type: RefCell {
                                                                                                            value: Type {
                                                                                                                span: Span {
                                                                                                                    start: ByteIndex(89),
                                                                                                                    end: ByteIndex(102),
                                                                                                                },
                                                                                                                attributes: [],
                                                                                                                kind: Char,
                                                                                                            },
                                                                                                        },
                                                                                                    },
                                                                                                },
                                                                                            },
                                                                                        ),
                                                                                    },
                                                                                },
                                                                                value: Array(
                                                                                    [
                                                                                        Int(
                                                                                            72,
                                                                                        ),
                                                                                        Int(
                                                                                            101,
                                                                                        ),
                                                                                        Int(
                                                                                            108,
                                                                                        ),
                                                                                        Int(
                                                                                            108,
                                                                                        ),
                                                                                        Int(
                                                                                            111,
                                                                                        ),
                                                                                        Int(
                                                                                            44,
                                                                                        ),
                                                                                        Int(
                                                                                            87,
                                                                                        ),
                                                                                        Int(
                                                                                            111,
                                                                                        ),
                                                                                        Int(
                                                                                            114,
                                                                                        ),
                                                                                        Int(
                                                                                            108,
                                                                                        ),
                                                                                        Int(
                                                                                            100,
                                                                                        ),
                                                                                        Int(
                                                                                            0,
                                                                                        ),
                                                                                    ],
                                                                                ),
                                                                                is_lvalue: false,
                                                                                symbol: None,
                                                                            },
                                                                        },
                                                                        RefCell {
                                                                            value: Expr {
                                                                                span: Span {
                                                                                    start: ByteIndex(103),
                                                                                    end: ByteIndex(104),
                                                                                },
                                                                                kind: Cast {
                                                                                    is_implicit: true,
                                                                                    target: RefCell {
                                                                                        value: Expr {
                                                                                            span: Span {
                                                                                                start: ByteIndex(103),
                                                                                                end: ByteIndex(104),
                                                                                            },
                                                                                            kind: Cast {
                                                                                                is_implicit: true,
                                                                                                target: RefCell {
                                                                                                    value: Expr {
                                                                                                        span: Span {
                                                                                                            start: ByteIndex(103),
                                                                                                            end: ByteIndex(104),
                                                                                                        },
                                                                                                        kind: Name(
                                                                                                            "a",
                                                                                                        ),
                                                                                                        type: RefCell {
                                                                                                            value: Type {
                                                                                                                span: Span {
                                                                                                                    start: ByteIndex(51),
                                                                                                                    end: ByteIndex(57),
                                                                                                                },
                                                                                                                attributes: [],
                                                                                                                kind: Float,
                                                                                                            },
                                                                                                        },
                                                                                                        value: Unknown,
                                                                                                        is_lvalue: true,
                                                                                                        symbol: Some(
                                                                                                            RefCell {
                                                                                                                value: Symbol {
                                                                                                                    name: "a",
                                                                                                                    kind: Object {
                                                                                                                        storage_classes: [],
                                                                                                                    },
                                                                                                                    type: RefCell {
                                                                                                                        value: Type {
                                                                                                                            span: Span {
                                                                                                                                start: ByteIndex(51),
                                                                                                                                end: ByteIndex(57),
                                                                                                                            },
                                                                                                                            attributes: [],
                                                                                                                            kind: Float,
                                                                                                                        },
                                                                                                                    },
                                                                                                                    attributes: [],
                                                                                                                },
                                                                                                            },
                                                                                                        ),
                                                                                                    },
                                                                                                },
                                                                                                decls: [],
                                                                                            },
                                                                                            type: RefCell {
                                                                                                value: Type {
                                                                                                    span: Span {
                                                                                                        start: ByteIndex(51),
                                                                                                        end: ByteIndex(57),
                                                                                                    },
                                                                                                    attributes: [],
                                                                                                    kind: Float,
                                                                                                },
                                                                                            },
                                                                                            value: Unknown,
                                                                                            is_lvalue: false,
                                                                                            symbol: None,
                                                                                        },
                                                                                    },
                                                                                    decls: [],
                                                                                },
                                                                                type: RefCell {
                                                                                    value: Type {
                                                                                        span: Span {
                                                                                            start: ByteIndex(103),
                                                                                            end: ByteIndex(104),
                                                                                        },
                                                                                        attributes: [],
                                                                                        kind: Double,
                                                                                    },
                                                                                },
                                                                                value: Unknown,
                                                                                is_lvalue: false,
                                                                                symbol: None,
                                                                            },
                                                                        },
                                                                        RefCell {
                                                                            value: Expr {
                                                                                span: Span {
                                                                                    start: ByteIndex(105),
                                                                                    end: ByteIndex(106),
                                                                                },
                                                                                kind: Cast {
                                                                                    is_implicit: true,
                                                                                    target: RefCell {
                                                                                        value: Expr {
                                                                                            span: Span {
                                                                                                start: ByteIndex(105),
                                                                                                end: ByteIndex(106),
                                                                                            },
                                                                                            kind: Cast {
                                                                                                is_implicit: true,
                                                                                                target: RefCell {
                                                                                                    value: Expr {
                                                                                                        span: Span {
                                                                                                            start: ByteIndex(105),
                                                                                                            end: ByteIndex(106),
                                                                                                        },
                                                                                                        kind: Name(
                                                                                                            "b",
                                                                                                        ),
                                                                                                        type: RefCell {
                                                                                                            value: Type {
                                                                                                                span: Span {
                                                                                                                    start: ByteIndex(64),
                                                                                                                    end: ByteIndex(75),
                                                                                                                },
                                                                                                                attributes: [],
                                                                                                                kind: Qualified {
                                                                                                                    qualifiers: [
                                                                                                                        Const,
                                                                                                                    ],
                                                                                                                    type: RefCell {
                                                                                                                        value: Type {
                                                                                                                            span: Span {
                                                                                                                                start: ByteIndex(70),
                                                                                                                                end: ByteIndex(74),
                                                                                                                            },
                                                                                                                            attributes: [],
                                                                                                                            kind: Char,
                                                                                                                        },
                                                                                                                    },
                                                                                                                },
                                                                                                            },
                                                                                                        },
                                                                                                        value: Unknown,
                                                                                                        is_lvalue: true,
                                                                                                        symbol: Some(
                                                                                                            RefCell {
                                                                                                                value: Symbol {
                                                                                                                    name: "b",
                                                                                                                    kind: Object {
                                                                                                                        storage_classes: [],
                                                                                                                    },
                                                                                                                    type: RefCell {
                                                                                                                        value: Type {
                                                                                                                            span: Span {
                                                                                                                                start: ByteIndex(64),
                                                                                                                                end: ByteIndex(75),
                                                                                                                            },
                                                                                                                            attributes: [],
                                                                                                                            kind: Qualified {
                                                                                                                                qualifiers: [
                                                                                                                                    Const,
                                                                                                                                ],
                                                                                                                                type: RefCell {
                                                                                                                                    value: Type {
                                                                                                                                        span: Span {
                                                                                                                                            start: ByteIndex(70),
                                                                                                                                            end: ByteIndex(74),
                                                                                                                                        },
                                                                                                                                        attributes: [],
                                                                                                                                        kind: Char,
                                                                                                                                    },
                                                                                                                                },
                                                                                                                            },
                                                                                                                        },
                                                                                                                    },
                                                                                                                    attributes: [],
                                                                                                                },
                                                                                                            },
                                                                                                        ),
                                                                                                    },
                                                                                                },
                                                                                                decls: [],
                                                                                            },
                                                                                            type: RefCell {
                                                                                                value: Type {
                                                                                                    span: Span {
                                                                                                        start: ByteIndex(70),
                                                                                                        end: ByteIndex(74),
                                                                                                    },
                                                                                                    attributes: [],
                                                                                                    kind: Char,
                                                                                                },
                                                                                            },
                                                                                            value: Unknown,
                                                                                            is_lvalue: false,
                                                                                            symbol: None,
                                                                                        },
                                                                                    },
                                                                                    decls: [],
                                                                                },
                                                                                type: RefCell {
                                                                                    value: Type {
                                                                                        span: Span {
                                                                                            start: ByteIndex(70),
                                                                                            end: ByteIndex(74),
                                                                                        },
                                                                                        attributes: [],
                                                                                        kind: Int,
                                                                                    },
                                                                                },
                                                                                value: Unknown,
                                                                                is_lvalue: false,
                                                                                symbol: None,
                                                                            },
                                                                        },
                                                                    ],
                                                                },
                                                                type: RefCell {
                                                                    value: Type {
                                                                        span: Span {
                                                                            start: ByteIndex(1),
                                                                            end: ByteIndex(6),
                                                                        },
                                                                        attributes: [],
                                                                        kind: Void,
                                                                    },
                                                                },
                                                                value: Unknown,
                                                                is_lvalue: false,
                                                                symbol: None,
                                                            },
                                                        },
                                                    ),
                                                },
                                            },
                                        ],
                                    ),
                                },
                            },
                        ),
                    },
                    children: [],
                },
            },
        ],
    },
}
