---
source: src/typechecker/tests/expr.rs
expression: "Regex ::\nnew(r#\"define_loc[\\s\\S]*?name\"#).unwrap().replace_all(& Regex ::\nnew(r#\"\\n.*?file_id[\\s\\S]*?,\"#).unwrap().replace_all(format!\n(\"{ast:#?}\").as_str(), \"\"), \"name\")"
---
RefCell {
    value: TranslationUnit {
        span: Span {
            start: ByteIndex(0),
            end: ByteIndex(67),
        },
        decls: [
            RefCell {
                value: Declaration {
                    span: Span {
                        start: ByteIndex(5),
                        end: ByteIndex(12),
                    },
                    attributes: [],
                    name: "main",
                    type: RefCell {
                        value: Type {
                            span: Span {
                                start: ByteIndex(9),
                                end: ByteIndex(12),
                            },
                            attributes: [],
                            kind: Function {
                                return_type: RefCell {
                                    value: Type {
                                        span: Span {
                                            start: ByteIndex(1),
                                            end: ByteIndex(5),
                                        },
                                        attributes: [],
                                        kind: Int,
                                    },
                                },
                                parameters_type: [],
                                has_varparam: false,
                            },
                        },
                    },
                    storage_classes: [],
                    kind: Function {
                        parameter_decls: [],
                        function_specs: [],
                        body: Some(
                            RefCell {
                                value: Stmt {
                                    span: Span {
                                        start: ByteIndex(12),
                                        end: ByteIndex(66),
                                    },
                                    attributes: [],
                                    kind: Compound(
                                        [
                                            RefCell {
                                                value: Stmt {
                                                    span: Span {
                                                        start: ByteIndex(18),
                                                        end: ByteIndex(24),
                                                    },
                                                    attributes: [],
                                                    kind: Decl(
                                                        [
                                                            RefCell {
                                                                value: Declaration {
                                                                    span: Span {
                                                                        start: ByteIndex(22),
                                                                        end: ByteIndex(23),
                                                                    },
                                                                    attributes: [],
                                                                    name: "a",
                                                                    type: RefCell {
                                                                        value: Type {
                                                                            span: Span {
                                                                                start: ByteIndex(18),
                                                                                end: ByteIndex(22),
                                                                            },
                                                                            attributes: [],
                                                                            kind: Int,
                                                                        },
                                                                    },
                                                                    storage_classes: [],
                                                                    kind: Var {
                                                                        initializer: None,
                                                                    },
                                                                    children: [],
                                                                },
                                                            },
                                                        ],
                                                    ),
                                                },
                                            },
                                            RefCell {
                                                value: Stmt {
                                                    span: Span {
                                                        start: ByteIndex(29),
                                                        end: ByteIndex(63),
                                                    },
                                                    attributes: [],
                                                    kind: Expr(
                                                        RefCell {
                                                            value: Expr {
                                                                span: Span {
                                                                    start: ByteIndex(29),
                                                                    end: ByteIndex(63),
                                                                },
                                                                kind: GenericSelection {
                                                                    control_expr: RefCell {
                                                                        value: Expr {
                                                                            span: Span {
                                                                                start: ByteIndex(38),
                                                                                end: ByteIndex(39),
                                                                            },
                                                                            kind: Cast {
                                                                                is_implicit: true,
                                                                                target: RefCell {
                                                                                    value: Expr {
                                                                                        span: Span {
                                                                                            start: ByteIndex(38),
                                                                                            end: ByteIndex(39),
                                                                                        },
                                                                                        kind: Name(
                                                                                            "a",
                                                                                        ),
                                                                                        type: RefCell {
                                                                                            value: Type {
                                                                                                span: Span {
                                                                                                    start: ByteIndex(18),
                                                                                                    end: ByteIndex(22),
                                                                                                },
                                                                                                attributes: [],
                                                                                                kind: Int,
                                                                                            },
                                                                                        },
                                                                                        value: Unknown,
                                                                                        is_lvalue: true,
                                                                                        symbol: Some(
                                                                                            RefCell {
                                                                                                value: Symbol {
                                                                                                    name: "a",
                                                                                                    kind: Object {
                                                                                                        storage_classes: [],
                                                                                                    },
                                                                                                    type: RefCell {
                                                                                                        value: Type {
                                                                                                            span: Span {
                                                                                                                start: ByteIndex(18),
                                                                                                                end: ByteIndex(22),
                                                                                                            },
                                                                                                            attributes: [],
                                                                                                            kind: Int,
                                                                                                        },
                                                                                                    },
                                                                                                    attributes: [],
                                                                                                },
                                                                                            },
                                                                                        ),
                                                                                    },
                                                                                },
                                                                                decls: [],
                                                                            },
                                                                            type: RefCell {
                                                                                value: Type {
                                                                                    span: Span {
                                                                                        start: ByteIndex(18),
                                                                                        end: ByteIndex(22),
                                                                                    },
                                                                                    attributes: [],
                                                                                    kind: Int,
                                                                                },
                                                                            },
                                                                            value: Unknown,
                                                                            is_lvalue: false,
                                                                            symbol: None,
                                                                        },
                                                                    },
                                                                    assocs: [
                                                                        RefCell {
                                                                            value: GenericAssoc {
                                                                                span: Span {
                                                                                    start: ByteIndex(40),
                                                                                    end: ByteIndex(46),
                                                                                },
                                                                                is_selected: false,
                                                                                type: Some(
                                                                                    RefCell {
                                                                                        value: Type {
                                                                                            span: Span {
                                                                                                start: ByteIndex(40),
                                                                                                end: ByteIndex(44),
                                                                                            },
                                                                                            attributes: [],
                                                                                            kind: Char,
                                                                                        },
                                                                                    },
                                                                                ),
                                                                                expr: RefCell {
                                                                                    value: Expr {
                                                                                        span: Span {
                                                                                            start: ByteIndex(45),
                                                                                            end: ByteIndex(46),
                                                                                        },
                                                                                        kind: Integer {
                                                                                            base: 10,
                                                                                            text: "1",
                                                                                            type_suffix: [],
                                                                                        },
                                                                                        type: RefCell {
                                                                                            value: Type {
                                                                                                span: Span {
                                                                                                    start: ByteIndex(45),
                                                                                                    end: ByteIndex(46),
                                                                                                },
                                                                                                attributes: [],
                                                                                                kind: Error,
                                                                                            },
                                                                                        },
                                                                                        value: Unknown,
                                                                                        is_lvalue: false,
                                                                                        symbol: None,
                                                                                    },
                                                                                },
                                                                                decls: [],
                                                                            },
                                                                        },
                                                                        RefCell {
                                                                            value: GenericAssoc {
                                                                                span: Span {
                                                                                    start: ByteIndex(47),
                                                                                    end: ByteIndex(52),
                                                                                },
                                                                                is_selected: true,
                                                                                type: Some(
                                                                                    RefCell {
                                                                                        value: Type {
                                                                                            span: Span {
                                                                                                start: ByteIndex(47),
                                                                                                end: ByteIndex(50),
                                                                                            },
                                                                                            attributes: [],
                                                                                            kind: Int,
                                                                                        },
                                                                                    },
                                                                                ),
                                                                                expr: RefCell {
                                                                                    value: Expr {
                                                                                        span: Span {
                                                                                            start: ByteIndex(51),
                                                                                            end: ByteIndex(52),
                                                                                        },
                                                                                        kind: Integer {
                                                                                            base: 10,
                                                                                            text: "2",
                                                                                            type_suffix: [],
                                                                                        },
                                                                                        type: RefCell {
                                                                                            value: Type {
                                                                                                span: Span {
                                                                                                    start: ByteIndex(51),
                                                                                                    end: ByteIndex(52),
                                                                                                },
                                                                                                attributes: [],
                                                                                                kind: Int,
                                                                                            },
                                                                                        },
                                                                                        value: Int(
                                                                                            2,
                                                                                        ),
                                                                                        is_lvalue: false,
                                                                                        symbol: None,
                                                                                    },
                                                                                },
                                                                                decls: [],
                                                                            },
                                                                        },
                                                                        RefCell {
                                                                            value: GenericAssoc {
                                                                                span: Span {
                                                                                    start: ByteIndex(53),
                                                                                    end: ByteIndex(62),
                                                                                },
                                                                                is_selected: false,
                                                                                type: None,
                                                                                expr: RefCell {
                                                                                    value: Expr {
                                                                                        span: Span {
                                                                                            start: ByteIndex(61),
                                                                                            end: ByteIndex(62),
                                                                                        },
                                                                                        kind: Integer {
                                                                                            base: 10,
                                                                                            text: "3",
                                                                                            type_suffix: [],
                                                                                        },
                                                                                        type: RefCell {
                                                                                            value: Type {
                                                                                                span: Span {
                                                                                                    start: ByteIndex(61),
                                                                                                    end: ByteIndex(62),
                                                                                                },
                                                                                                attributes: [],
                                                                                                kind: Error,
                                                                                            },
                                                                                        },
                                                                                        value: Unknown,
                                                                                        is_lvalue: false,
                                                                                        symbol: None,
                                                                                    },
                                                                                },
                                                                                decls: [],
                                                                            },
                                                                        },
                                                                    ],
                                                                },
                                                                type: RefCell {
                                                                    value: Type {
                                                                        span: Span {
                                                                            start: ByteIndex(51),
                                                                            end: ByteIndex(52),
                                                                        },
                                                                        attributes: [],
                                                                        kind: Int,
                                                                    },
                                                                },
                                                                value: Int(
                                                                    2,
                                                                ),
                                                                is_lvalue: false,
                                                                symbol: None,
                                                            },
                                                        },
                                                    ),
                                                },
                                            },
                                        ],
                                    ),
                                },
                            },
                        ),
                    },
                    children: [],
                },
            },
        ],
    },
}
