---
source: src/typechecker/tests/expr.rs
expression: "Regex ::\nnew(r#\"define_loc[\\s\\S]*?name\"#).unwrap().replace_all(& Regex ::\nnew(r#\"\\n.*?file_id[\\s\\S]*?,\"#).unwrap().replace_all(format!\n(\"{ast:#?}\").as_str(), \"\"), \"name\")"
---
RefCell {
    value: TranslationUnit {
        span: Span {
            start: ByteIndex(0),
            end: ByteIndex(63),
        },
        decls: [
            RefCell {
                value: Declaration {
                    span: Span {
                        start: ByteIndex(5),
                        end: ByteIndex(12),
                    },
                    attributes: [],
                    name: "main",
                    type: RefCell {
                        value: Type {
                            span: Span {
                                start: ByteIndex(9),
                                end: ByteIndex(12),
                            },
                            attributes: [],
                            kind: Function {
                                return_type: RefCell {
                                    value: Type {
                                        span: Span {
                                            start: ByteIndex(1),
                                            end: ByteIndex(5),
                                        },
                                        attributes: [],
                                        kind: Int,
                                    },
                                },
                                parameters_type: [],
                                has_varparam: false,
                            },
                        },
                    },
                    storage_classes: [],
                    kind: Function {
                        parameter_decls: [],
                        function_specs: [],
                        body: Some(
                            RefCell {
                                value: Stmt {
                                    span: Span {
                                        start: ByteIndex(12),
                                        end: ByteIndex(62),
                                    },
                                    attributes: [],
                                    kind: Compound(
                                        [
                                            RefCell {
                                                value: Stmt {
                                                    span: Span {
                                                        start: ByteIndex(18),
                                                        end: ByteIndex(24),
                                                    },
                                                    attributes: [],
                                                    kind: Decl(
                                                        [
                                                            RefCell {
                                                                value: Declaration {
                                                                    span: Span {
                                                                        start: ByteIndex(22),
                                                                        end: ByteIndex(23),
                                                                    },
                                                                    attributes: [],
                                                                    name: "a",
                                                                    type: RefCell {
                                                                        value: Type {
                                                                            span: Span {
                                                                                start: ByteIndex(18),
                                                                                end: ByteIndex(22),
                                                                            },
                                                                            attributes: [],
                                                                            kind: Int,
                                                                        },
                                                                    },
                                                                    storage_classes: [],
                                                                    kind: Var {
                                                                        initializer: None,
                                                                    },
                                                                    children: [],
                                                                },
                                                            },
                                                        ],
                                                    ),
                                                },
                                            },
                                            RefCell {
                                                value: Stmt {
                                                    span: Span {
                                                        start: ByteIndex(29),
                                                        end: ByteIndex(38),
                                                    },
                                                    attributes: [],
                                                    kind: Decl(
                                                        [
                                                            RefCell {
                                                                value: Declaration {
                                                                    span: Span {
                                                                        start: ByteIndex(33),
                                                                        end: ByteIndex(37),
                                                                    },
                                                                    attributes: [],
                                                                    name: "b",
                                                                    type: RefCell {
                                                                        value: Type {
                                                                            span: Span {
                                                                                start: ByteIndex(34),
                                                                                end: ByteIndex(37),
                                                                            },
                                                                            attributes: [],
                                                                            kind: Array {
                                                                                has_static: false,
                                                                                has_star: false,
                                                                                element_type: RefCell {
                                                                                    value: Type {
                                                                                        span: Span {
                                                                                            start: ByteIndex(29),
                                                                                            end: ByteIndex(33),
                                                                                        },
                                                                                        attributes: [],
                                                                                        kind: Int,
                                                                                    },
                                                                                },
                                                                                len_expr: Some(
                                                                                    RefCell {
                                                                                        value: Expr {
                                                                                            span: Span {
                                                                                                start: ByteIndex(35),
                                                                                                end: ByteIndex(36),
                                                                                            },
                                                                                            kind: Integer {
                                                                                                base: 10,
                                                                                                text: "3",
                                                                                                type_suffix: [],
                                                                                            },
                                                                                            type: RefCell {
                                                                                                value: Type {
                                                                                                    span: Span {
                                                                                                        start: ByteIndex(35),
                                                                                                        end: ByteIndex(36),
                                                                                                    },
                                                                                                    attributes: [],
                                                                                                    kind: Int,
                                                                                                },
                                                                                            },
                                                                                            value: Int(
                                                                                                3,
                                                                                            ),
                                                                                            is_lvalue: false,
                                                                                            symbol: None,
                                                                                        },
                                                                                    },
                                                                                ),
                                                                            },
                                                                        },
                                                                    },
                                                                    storage_classes: [],
                                                                    kind: Var {
                                                                        initializer: None,
                                                                    },
                                                                    children: [],
                                                                },
                                                            },
                                                        ],
                                                    ),
                                                },
                                            },
                                            RefCell {
                                                value: Stmt {
                                                    span: Span {
                                                        start: ByteIndex(43),
                                                        end: ByteIndex(47),
                                                    },
                                                    attributes: [],
                                                    kind: Expr(
                                                        RefCell {
                                                            value: Expr {
                                                                span: Span {
                                                                    start: ByteIndex(44),
                                                                    end: ByteIndex(47),
                                                                },
                                                                kind: Cast {
                                                                    is_implicit: true,
                                                                    target: RefCell {
                                                                        value: Expr {
                                                                            span: Span {
                                                                                start: ByteIndex(44),
                                                                                end: ByteIndex(47),
                                                                            },
                                                                            kind: Subscript {
                                                                                target: RefCell {
                                                                                    value: Expr {
                                                                                        span: Span {
                                                                                            start: ByteIndex(43),
                                                                                            end: ByteIndex(44),
                                                                                        },
                                                                                        kind: Cast {
                                                                                            is_implicit: true,
                                                                                            target: RefCell {
                                                                                                value: Expr {
                                                                                                    span: Span {
                                                                                                        start: ByteIndex(43),
                                                                                                        end: ByteIndex(44),
                                                                                                    },
                                                                                                    kind: Name(
                                                                                                        "b",
                                                                                                    ),
                                                                                                    type: RefCell {
                                                                                                        value: Type {
                                                                                                            span: Span {
                                                                                                                start: ByteIndex(34),
                                                                                                                end: ByteIndex(37),
                                                                                                            },
                                                                                                            attributes: [],
                                                                                                            kind: Array {
                                                                                                                has_static: false,
                                                                                                                has_star: false,
                                                                                                                element_type: RefCell {
                                                                                                                    value: Type {
                                                                                                                        span: Span {
                                                                                                                            start: ByteIndex(29),
                                                                                                                            end: ByteIndex(33),
                                                                                                                        },
                                                                                                                        attributes: [],
                                                                                                                        kind: Int,
                                                                                                                    },
                                                                                                                },
                                                                                                                len_expr: Some(
                                                                                                                    RefCell {
                                                                                                                        value: Expr {
                                                                                                                            span: Span {
                                                                                                                                start: ByteIndex(35),
                                                                                                                                end: ByteIndex(36),
                                                                                                                            },
                                                                                                                            kind: Integer {
                                                                                                                                base: 10,
                                                                                                                                text: "3",
                                                                                                                                type_suffix: [],
                                                                                                                            },
                                                                                                                            type: RefCell {
                                                                                                                                value: Type {
                                                                                                                                    span: Span {
                                                                                                                                        start: ByteIndex(35),
                                                                                                                                        end: ByteIndex(36),
                                                                                                                                    },
                                                                                                                                    attributes: [],
                                                                                                                                    kind: Int,
                                                                                                                                },
                                                                                                                            },
                                                                                                                            value: Int(
                                                                                                                                3,
                                                                                                                            ),
                                                                                                                            is_lvalue: false,
                                                                                                                            symbol: None,
                                                                                                                        },
                                                                                                                    },
                                                                                                                ),
                                                                                                            },
                                                                                                        },
                                                                                                    },
                                                                                                    value: Unknown,
                                                                                                    is_lvalue: true,
                                                                                                    symbol: Some(
                                                                                                        RefCell {
                                                                                                            value: Symbol {
                                                                                                                name: "b",
                                                                                                                kind: Object {
                                                                                                                    storage_classes: [],
                                                                                                                },
                                                                                                                type: RefCell {
                                                                                                                    value: Type {
                                                                                                                        span: Span {
                                                                                                                            start: ByteIndex(34),
                                                                                                                            end: ByteIndex(37),
                                                                                                                        },
                                                                                                                        attributes: [],
                                                                                                                        kind: Array {
                                                                                                                            has_static: false,
                                                                                                                            has_star: false,
                                                                                                                            element_type: RefCell {
                                                                                                                                value: Type {
                                                                                                                                    span: Span {
                                                                                                                                        start: ByteIndex(29),
                                                                                                                                        end: ByteIndex(33),
                                                                                                                                    },
                                                                                                                                    attributes: [],
                                                                                                                                    kind: Int,
                                                                                                                                },
                                                                                                                            },
                                                                                                                            len_expr: Some(
                                                                                                                                RefCell {
                                                                                                                                    value: Expr {
                                                                                                                                        span: Span {
                                                                                                                                            start: ByteIndex(35),
                                                                                                                                            end: ByteIndex(36),
                                                                                                                                        },
                                                                                                                                        kind: Integer {
                                                                                                                                            base: 10,
                                                                                                                                            text: "3",
                                                                                                                                            type_suffix: [],
                                                                                                                                        },
                                                                                                                                        type: RefCell {
                                                                                                                                            value: Type {
                                                                                                                                                span: Span {
                                                                                                                                                    start: ByteIndex(35),
                                                                                                                                                    end: ByteIndex(36),
                                                                                                                                                },
                                                                                                                                                attributes: [],
                                                                                                                                                kind: Int,
                                                                                                                                            },
                                                                                                                                        },
                                                                                                                                        value: Int(
                                                                                                                                            3,
                                                                                                                                        ),
                                                                                                                                        is_lvalue: false,
                                                                                                                                        symbol: None,
                                                                                                                                    },
                                                                                                                                },
                                                                                                                            ),
                                                                                                                        },
                                                                                                                    },
                                                                                                                },
                                                                                                                attributes: [],
                                                                                                            },
                                                                                                        },
                                                                                                    ),
                                                                                                },
                                                                                            },
                                                                                            decls: [],
                                                                                        },
                                                                                        type: RefCell {
                                                                                            value: Type {
                                                                                                span: Span {
                                                                                                    start: ByteIndex(34),
                                                                                                    end: ByteIndex(37),
                                                                                                },
                                                                                                attributes: [
                                                                                                    RefCell {
                                                                                                        value: Attribute {
                                                                                                            span: Span {
                                                                                                                start: ByteIndex(34),
                                                                                                                end: ByteIndex(37),
                                                                                                            },
                                                                                                            prefix_name: None,
                                                                                                            name: "ptr_from_array",
                                                                                                            kind: PtrFromArray {
                                                                                                                array_type: RefCell {
                                                                                                                    value: Type {
                                                                                                                        span: Span {
                                                                                                                            start: ByteIndex(34),
                                                                                                                            end: ByteIndex(37),
                                                                                                                        },
                                                                                                                        attributes: [],
                                                                                                                        kind: Array {
                                                                                                                            has_static: false,
                                                                                                                            has_star: false,
                                                                                                                            element_type: RefCell {
                                                                                                                                value: Type {
                                                                                                                                    span: Span {
                                                                                                                                        start: ByteIndex(29),
                                                                                                                                        end: ByteIndex(33),
                                                                                                                                    },
                                                                                                                                    attributes: [],
                                                                                                                                    kind: Int,
                                                                                                                                },
                                                                                                                            },
                                                                                                                            len_expr: Some(
                                                                                                                                RefCell {
                                                                                                                                    value: Expr {
                                                                                                                                        span: Span {
                                                                                                                                            start: ByteIndex(35),
                                                                                                                                            end: ByteIndex(36),
                                                                                                                                        },
                                                                                                                                        kind: Integer {
                                                                                                                                            base: 10,
                                                                                                                                            text: "3",
                                                                                                                                            type_suffix: [],
                                                                                                                                        },
                                                                                                                                        type: RefCell {
                                                                                                                                            value: Type {
                                                                                                                                                span: Span {
                                                                                                                                                    start: ByteIndex(35),
                                                                                                                                                    end: ByteIndex(36),
                                                                                                                                                },
                                                                                                                                                attributes: [],
                                                                                                                                                kind: Int,
                                                                                                                                            },
                                                                                                                                        },
                                                                                                                                        value: Int(
                                                                                                                                            3,
                                                                                                                                        ),
                                                                                                                                        is_lvalue: false,
                                                                                                                                        symbol: None,
                                                                                                                                    },
                                                                                                                                },
                                                                                                                            ),
                                                                                                                        },
                                                                                                                    },
                                                                                                                },
                                                                                                            },
                                                                                                        },
                                                                                                    },
                                                                                                ],
                                                                                                kind: Pointer(
                                                                                                    RefCell {
                                                                                                        value: Type {
                                                                                                            span: Span {
                                                                                                                start: ByteIndex(29),
                                                                                                                end: ByteIndex(33),
                                                                                                            },
                                                                                                            attributes: [],
                                                                                                            kind: Int,
                                                                                                        },
                                                                                                    },
                                                                                                ),
                                                                                            },
                                                                                        },
                                                                                        value: Unknown,
                                                                                        is_lvalue: false,
                                                                                        symbol: None,
                                                                                    },
                                                                                },
                                                                                index: RefCell {
                                                                                    value: Expr {
                                                                                        span: Span {
                                                                                            start: ByteIndex(45),
                                                                                            end: ByteIndex(46),
                                                                                        },
                                                                                        kind: Cast {
                                                                                            is_implicit: true,
                                                                                            target: RefCell {
                                                                                                value: Expr {
                                                                                                    span: Span {
                                                                                                        start: ByteIndex(45),
                                                                                                        end: ByteIndex(46),
                                                                                                    },
                                                                                                    kind: Name(
                                                                                                        "a",
                                                                                                    ),
                                                                                                    type: RefCell {
                                                                                                        value: Type {
                                                                                                            span: Span {
                                                                                                                start: ByteIndex(18),
                                                                                                                end: ByteIndex(22),
                                                                                                            },
                                                                                                            attributes: [],
                                                                                                            kind: Int,
                                                                                                        },
                                                                                                    },
                                                                                                    value: Unknown,
                                                                                                    is_lvalue: true,
                                                                                                    symbol: Some(
                                                                                                        RefCell {
                                                                                                            value: Symbol {
                                                                                                                name: "a",
                                                                                                                kind: Object {
                                                                                                                    storage_classes: [],
                                                                                                                },
                                                                                                                type: RefCell {
                                                                                                                    value: Type {
                                                                                                                        span: Span {
                                                                                                                            start: ByteIndex(18),
                                                                                                                            end: ByteIndex(22),
                                                                                                                        },
                                                                                                                        attributes: [],
                                                                                                                        kind: Int,
                                                                                                                    },
                                                                                                                },
                                                                                                                attributes: [],
                                                                                                            },
                                                                                                        },
                                                                                                    ),
                                                                                                },
                                                                                            },
                                                                                            decls: [],
                                                                                        },
                                                                                        type: RefCell {
                                                                                            value: Type {
                                                                                                span: Span {
                                                                                                    start: ByteIndex(18),
                                                                                                    end: ByteIndex(22),
                                                                                                },
                                                                                                attributes: [],
                                                                                                kind: Int,
                                                                                            },
                                                                                        },
                                                                                        value: Unknown,
                                                                                        is_lvalue: false,
                                                                                        symbol: None,
                                                                                    },
                                                                                },
                                                                            },
                                                                            type: RefCell {
                                                                                value: Type {
                                                                                    span: Span {
                                                                                        start: ByteIndex(29),
                                                                                        end: ByteIndex(33),
                                                                                    },
                                                                                    attributes: [],
                                                                                    kind: Int,
                                                                                },
                                                                            },
                                                                            value: Unknown,
                                                                            is_lvalue: true,
                                                                            symbol: None,
                                                                        },
                                                                    },
                                                                    decls: [],
                                                                },
                                                                type: RefCell {
                                                                    value: Type {
                                                                        span: Span {
                                                                            start: ByteIndex(29),
                                                                            end: ByteIndex(33),
                                                                        },
                                                                        attributes: [],
                                                                        kind: Int,
                                                                    },
                                                                },
                                                                value: Unknown,
                                                                is_lvalue: false,
                                                                symbol: None,
                                                            },
                                                        },
                                                    ),
                                                },
                                            },
                                            RefCell {
                                                value: Stmt {
                                                    span: Span {
                                                        start: ByteIndex(53),
                                                        end: ByteIndex(59),
                                                    },
                                                    attributes: [],
                                                    kind: Expr(
                                                        RefCell {
                                                            value: Expr {
                                                                span: Span {
                                                                    start: ByteIndex(54),
                                                                    end: ByteIndex(59),
                                                                },
                                                                kind: Cast {
                                                                    is_implicit: true,
                                                                    target: RefCell {
                                                                        value: Expr {
                                                                            span: Span {
                                                                                start: ByteIndex(54),
                                                                                end: ByteIndex(59),
                                                                            },
                                                                            kind: Subscript {
                                                                                target: RefCell {
                                                                                    value: Expr {
                                                                                        span: Span {
                                                                                            start: ByteIndex(53),
                                                                                            end: ByteIndex(54),
                                                                                        },
                                                                                        kind: Cast {
                                                                                            is_implicit: true,
                                                                                            target: RefCell {
                                                                                                value: Expr {
                                                                                                    span: Span {
                                                                                                        start: ByteIndex(53),
                                                                                                        end: ByteIndex(54),
                                                                                                    },
                                                                                                    kind: Name(
                                                                                                        "a",
                                                                                                    ),
                                                                                                    type: RefCell {
                                                                                                        value: Type {
                                                                                                            span: Span {
                                                                                                                start: ByteIndex(18),
                                                                                                                end: ByteIndex(22),
                                                                                                            },
                                                                                                            attributes: [],
                                                                                                            kind: Int,
                                                                                                        },
                                                                                                    },
                                                                                                    value: Unknown,
                                                                                                    is_lvalue: true,
                                                                                                    symbol: Some(
                                                                                                        RefCell {
                                                                                                            value: Symbol {
                                                                                                                name: "a",
                                                                                                                kind: Object {
                                                                                                                    storage_classes: [],
                                                                                                                },
                                                                                                                type: RefCell {
                                                                                                                    value: Type {
                                                                                                                        span: Span {
                                                                                                                            start: ByteIndex(18),
                                                                                                                            end: ByteIndex(22),
                                                                                                                        },
                                                                                                                        attributes: [],
                                                                                                                        kind: Int,
                                                                                                                    },
                                                                                                                },
                                                                                                                attributes: [],
                                                                                                            },
                                                                                                        },
                                                                                                    ),
                                                                                                },
                                                                                            },
                                                                                            decls: [],
                                                                                        },
                                                                                        type: RefCell {
                                                                                            value: Type {
                                                                                                span: Span {
                                                                                                    start: ByteIndex(18),
                                                                                                    end: ByteIndex(22),
                                                                                                },
                                                                                                attributes: [],
                                                                                                kind: Int,
                                                                                            },
                                                                                        },
                                                                                        value: Unknown,
                                                                                        is_lvalue: false,
                                                                                        symbol: None,
                                                                                    },
                                                                                },
                                                                                index: RefCell {
                                                                                    value: Expr {
                                                                                        span: Span {
                                                                                            start: ByteIndex(55),
                                                                                            end: ByteIndex(58),
                                                                                        },
                                                                                        kind: Cast {
                                                                                            is_implicit: true,
                                                                                            target: RefCell {
                                                                                                value: Expr {
                                                                                                    span: Span {
                                                                                                        start: ByteIndex(55),
                                                                                                        end: ByteIndex(58),
                                                                                                    },
                                                                                                    kind: String {
                                                                                                        prefix: Default,
                                                                                                        text: "1",
                                                                                                    },
                                                                                                    type: RefCell {
                                                                                                        value: Type {
                                                                                                            span: Span {
                                                                                                                start: ByteIndex(55),
                                                                                                                end: ByteIndex(58),
                                                                                                            },
                                                                                                            attributes: [],
                                                                                                            kind: Array {
                                                                                                                has_static: false,
                                                                                                                has_star: false,
                                                                                                                element_type: RefCell {
                                                                                                                    value: Type {
                                                                                                                        span: Span {
                                                                                                                            start: ByteIndex(55),
                                                                                                                            end: ByteIndex(58),
                                                                                                                        },
                                                                                                                        attributes: [],
                                                                                                                        kind: Qualified {
                                                                                                                            qualifiers: [
                                                                                                                                Const,
                                                                                                                            ],
                                                                                                                            type: RefCell {
                                                                                                                                value: Type {
                                                                                                                                    span: Span {
                                                                                                                                        start: ByteIndex(55),
                                                                                                                                        end: ByteIndex(58),
                                                                                                                                    },
                                                                                                                                    attributes: [],
                                                                                                                                    kind: Char,
                                                                                                                                },
                                                                                                                            },
                                                                                                                        },
                                                                                                                    },
                                                                                                                },
                                                                                                                len_expr: Some(
                                                                                                                    RefCell {
                                                                                                                        value: Expr {
                                                                                                                            span: Span {
                                                                                                                                start: ByteIndex(55),
                                                                                                                                end: ByteIndex(58),
                                                                                                                            },
                                                                                                                            kind: Integer {
                                                                                                                                base: 10,
                                                                                                                                text: "2",
                                                                                                                                type_suffix: [],
                                                                                                                            },
                                                                                                                            type: RefCell {
                                                                                                                                value: Type {
                                                                                                                                    span: Span {
                                                                                                                                        start: ByteIndex(55),
                                                                                                                                        end: ByteIndex(58),
                                                                                                                                    },
                                                                                                                                    attributes: [],
                                                                                                                                    kind: ULongLong,
                                                                                                                                },
                                                                                                                            },
                                                                                                                            value: Int(
                                                                                                                                2,
                                                                                                                            ),
                                                                                                                            is_lvalue: false,
                                                                                                                            symbol: None,
                                                                                                                        },
                                                                                                                    },
                                                                                                                ),
                                                                                                            },
                                                                                                        },
                                                                                                    },
                                                                                                    value: Array(
                                                                                                        [
                                                                                                            Int(
                                                                                                                49,
                                                                                                            ),
                                                                                                            Int(
                                                                                                                0,
                                                                                                            ),
                                                                                                        ],
                                                                                                    ),
                                                                                                    is_lvalue: true,
                                                                                                    symbol: None,
                                                                                                },
                                                                                            },
                                                                                            decls: [],
                                                                                        },
                                                                                        type: RefCell {
                                                                                            value: Type {
                                                                                                span: Span {
                                                                                                    start: ByteIndex(55),
                                                                                                    end: ByteIndex(58),
                                                                                                },
                                                                                                attributes: [
                                                                                                    RefCell {
                                                                                                        value: Attribute {
                                                                                                            span: Span {
                                                                                                                start: ByteIndex(55),
                                                                                                                end: ByteIndex(58),
                                                                                                            },
                                                                                                            prefix_name: None,
                                                                                                            name: "ptr_from_array",
                                                                                                            kind: PtrFromArray {
                                                                                                                array_type: RefCell {
                                                                                                                    value: Type {
                                                                                                                        span: Span {
                                                                                                                            start: ByteIndex(55),
                                                                                                                            end: ByteIndex(58),
                                                                                                                        },
                                                                                                                        attributes: [],
                                                                                                                        kind: Array {
                                                                                                                            has_static: false,
                                                                                                                            has_star: false,
                                                                                                                            element_type: RefCell {
                                                                                                                                value: Type {
                                                                                                                                    span: Span {
                                                                                                                                        start: ByteIndex(55),
                                                                                                                                        end: ByteIndex(58),
                                                                                                                                    },
                                                                                                                                    attributes: [],
                                                                                                                                    kind: Qualified {
                                                                                                                                        qualifiers: [
                                                                                                                                            Const,
                                                                                                                                        ],
                                                                                                                                        type: RefCell {
                                                                                                                                            value: Type {
                                                                                                                                                span: Span {
                                                                                                                                                    start: ByteIndex(55),
                                                                                                                                                    end: ByteIndex(58),
                                                                                                                                                },
                                                                                                                                                attributes: [],
                                                                                                                                                kind: Char,
                                                                                                                                            },
                                                                                                                                        },
                                                                                                                                    },
                                                                                                                                },
                                                                                                                            },
                                                                                                                            len_expr: Some(
                                                                                                                                RefCell {
                                                                                                                                    value: Expr {
                                                                                                                                        span: Span {
                                                                                                                                            start: ByteIndex(55),
                                                                                                                                            end: ByteIndex(58),
                                                                                                                                        },
                                                                                                                                        kind: Integer {
                                                                                                                                            base: 10,
                                                                                                                                            text: "2",
                                                                                                                                            type_suffix: [],
                                                                                                                                        },
                                                                                                                                        type: RefCell {
                                                                                                                                            value: Type {
                                                                                                                                                span: Span {
                                                                                                                                                    start: ByteIndex(55),
                                                                                                                                                    end: ByteIndex(58),
                                                                                                                                                },
                                                                                                                                                attributes: [],
                                                                                                                                                kind: ULongLong,
                                                                                                                                            },
                                                                                                                                        },
                                                                                                                                        value: Int(
                                                                                                                                            2,
                                                                                                                                        ),
                                                                                                                                        is_lvalue: false,
                                                                                                                                        symbol: None,
                                                                                                                                    },
                                                                                                                                },
                                                                                                                            ),
                                                                                                                        },
                                                                                                                    },
                                                                                                                },
                                                                                                            },
                                                                                                        },
                                                                                                    },
                                                                                                ],
                                                                                                kind: Pointer(
                                                                                                    RefCell {
                                                                                                        value: Type {
                                                                                                            span: Span {
                                                                                                                start: ByteIndex(55),
                                                                                                                end: ByteIndex(58),
                                                                                                            },
                                                                                                            attributes: [],
                                                                                                            kind: Qualified {
                                                                                                                qualifiers: [
                                                                                                                    Const,
                                                                                                                ],
                                                                                                                type: RefCell {
                                                                                                                    value: Type {
                                                                                                                        span: Span {
                                                                                                                            start: ByteIndex(55),
                                                                                                                            end: ByteIndex(58),
                                                                                                                        },
                                                                                                                        attributes: [],
                                                                                                                        kind: Char,
                                                                                                                    },
                                                                                                                },
                                                                                                            },
                                                                                                        },
                                                                                                    },
                                                                                                ),
                                                                                            },
                                                                                        },
                                                                                        value: Array(
                                                                                            [
                                                                                                Int(
                                                                                                    49,
                                                                                                ),
                                                                                                Int(
                                                                                                    0,
                                                                                                ),
                                                                                            ],
                                                                                        ),
                                                                                        is_lvalue: false,
                                                                                        symbol: None,
                                                                                    },
                                                                                },
                                                                            },
                                                                            type: RefCell {
                                                                                value: Type {
                                                                                    span: Span {
                                                                                        start: ByteIndex(55),
                                                                                        end: ByteIndex(58),
                                                                                    },
                                                                                    attributes: [],
                                                                                    kind: Qualified {
                                                                                        qualifiers: [
                                                                                            Const,
                                                                                        ],
                                                                                        type: RefCell {
                                                                                            value: Type {
                                                                                                span: Span {
                                                                                                    start: ByteIndex(55),
                                                                                                    end: ByteIndex(58),
                                                                                                },
                                                                                                attributes: [],
                                                                                                kind: Char,
                                                                                            },
                                                                                        },
                                                                                    },
                                                                                },
                                                                            },
                                                                            value: Unknown,
                                                                            is_lvalue: true,
                                                                            symbol: None,
                                                                        },
                                                                    },
                                                                    decls: [],
                                                                },
                                                                type: RefCell {
                                                                    value: Type {
                                                                        span: Span {
                                                                            start: ByteIndex(55),
                                                                            end: ByteIndex(58),
                                                                        },
                                                                        attributes: [],
                                                                        kind: Char,
                                                                    },
                                                                },
                                                                value: Unknown,
                                                                is_lvalue: false,
                                                                symbol: None,
                                                            },
                                                        },
                                                    ),
                                                },
                                            },
                                        ],
                                    ),
                                },
                            },
                        ),
                    },
                    children: [],
                },
            },
        ],
    },
}
