---
source: src/typechecker/tests/decl.rs
expression: "ast.print_line(0).join(\"\\n\")"
---
TranslationUnit <(1, 1), (14, 1)>
  TypeDecl <(2, 13), (2, 14)> A int typedef
  FunctionDecl  <(3, 6), (3, 10)> f void(A:int) 
    ParamDecl <(3, 8), (3, 9)>  A:int 
  FunctionDecl  <(4, 6), (4, 12)> g void(A:int) 
    ParamDecl <(4, 10), (4, 11)> a A:int 
  FunctionDecl  <(5, 6), (5, 29)> scanf void(char*,...) 
    ParamDecl <(5, 16), (5, 24)> format char* 
  FunctionDecl  <(6, 5), (7, 1)> main int() 
    Compound <(7, 1), (13, 2)>
      DeclStmt <(8, 5), (8, 19)>
        TypeDecl <(8, 17), (8, 18)> A int typedef
      DeclStmt <(9, 5), (9, 17)>
        TypeDecl <(9, 15), (9, 16)> B A:int typedef
      DeclStmt <(10, 5), (10, 7)>
        VarDecl <(10, 5), (10, 7)>  A:int 
      DeclStmt <(11, 5), (11, 9)>
        VarDecl <(11, 7), (11, 8)> a A:int 
      DeclStmt <(12, 5), (12, 9)>
        VarDecl <(12, 7), (12, 8)> b B:A:int
