---
source: src/typechecker/tests/decl.rs
expression: "re.replace_all(format! (\"{ast:#?}\").as_str(), \"\")"
---
RefCell {
    value: TranslationUnit {
        span: Span {
            start: ByteIndex(0),
            end: ByteIndex(146),
        },
        decls: [
            RefCell {
                value: Declaration {
                    span: Span {
                        start: ByteIndex(13),
                        end: ByteIndex(14),
                    },
                    attributes: [],
                    name: "A",
                    type: RefCell {
                        value: Type {
                            span: Span {
                                start: ByteIndex(1),
                                end: ByteIndex(13),
                            },
                            attributes: [],
                            kind: Int,
                        },
                    },
                    storage_classes: [
                        StorageClass {
                            span: Span {
                                start: ByteIndex(1),
                                end: ByteIndex(8),
                            },
                            kind: Typedef,
                        },
                    ],
                    kind: Type,
                    children: [],
                },
            },
            RefCell {
                value: Declaration {
                    span: Span {
                        start: ByteIndex(21),
                        end: ByteIndex(25),
                    },
                    attributes: [],
                    name: "f",
                    type: RefCell {
                        value: Type {
                            span: Span {
                                start: ByteIndex(22),
                                end: ByteIndex(25),
                            },
                            attributes: [],
                            kind: Function {
                                return_type: RefCell {
                                    value: Type {
                                        span: Span {
                                            start: ByteIndex(16),
                                            end: ByteIndex(21),
                                        },
                                        attributes: [],
                                        kind: Void,
                                    },
                                },
                                parameters_type: [
                                    RefCell {
                                        value: Type {
                                            span: Span {
                                                start: ByteIndex(13),
                                                end: ByteIndex(14),
                                            },
                                            attributes: [],
                                            kind: Typedef {
                                                name: "A",
                                                type: Some(
                                                    RefCell {
                                                        value: Type {
                                                            span: Span {
                                                                start: ByteIndex(1),
                                                                end: ByteIndex(13),
                                                            },
                                                            attributes: [],
                                                            kind: Int,
                                                        },
                                                    },
                                                ),
                                            },
                                        },
                                    },
                                ],
                                has_varparam: false,
                            },
                        },
                    },
                    storage_classes: [],
                    kind: Function {
                        parameter_decls: [
                            RefCell {
                                value: Declaration {
                                    span: Span {
                                        start: ByteIndex(23),
                                        end: ByteIndex(24),
                                    },
                                    attributes: [],
                                    name: "",
                                    type: RefCell {
                                        value: Type {
                                            span: Span {
                                                start: ByteIndex(13),
                                                end: ByteIndex(14),
                                            },
                                            attributes: [],
                                            kind: Typedef {
                                                name: "A",
                                                type: Some(
                                                    RefCell {
                                                        value: Type {
                                                            span: Span {
                                                                start: ByteIndex(1),
                                                                end: ByteIndex(13),
                                                            },
                                                            attributes: [],
                                                            kind: Int,
                                                        },
                                                    },
                                                ),
                                            },
                                        },
                                    },
                                    storage_classes: [],
                                    kind: Parameter,
                                    children: [],
                                },
                            },
                        ],
                        function_specs: [],
                        body: None,
                    },
                    children: [],
                },
            },
            RefCell {
                value: Declaration {
                    span: Span {
                        start: ByteIndex(32),
                        end: ByteIndex(38),
                    },
                    attributes: [],
                    name: "g",
                    type: RefCell {
                        value: Type {
                            span: Span {
                                start: ByteIndex(33),
                                end: ByteIndex(38),
                            },
                            attributes: [],
                            kind: Function {
                                return_type: RefCell {
                                    value: Type {
                                        span: Span {
                                            start: ByteIndex(27),
                                            end: ByteIndex(32),
                                        },
                                        attributes: [],
                                        kind: Void,
                                    },
                                },
                                parameters_type: [
                                    RefCell {
                                        value: Type {
                                            span: Span {
                                                start: ByteIndex(13),
                                                end: ByteIndex(14),
                                            },
                                            attributes: [],
                                            kind: Typedef {
                                                name: "A",
                                                type: Some(
                                                    RefCell {
                                                        value: Type {
                                                            span: Span {
                                                                start: ByteIndex(1),
                                                                end: ByteIndex(13),
                                                            },
                                                            attributes: [],
                                                            kind: Int,
                                                        },
                                                    },
                                                ),
                                            },
                                        },
                                    },
                                ],
                                has_varparam: false,
                            },
                        },
                    },
                    storage_classes: [],
                    kind: Function {
                        parameter_decls: [
                            RefCell {
                                value: Declaration {
                                    span: Span {
                                        start: ByteIndex(36),
                                        end: ByteIndex(37),
                                    },
                                    attributes: [],
                                    name: "a",
                                    type: RefCell {
                                        value: Type {
                                            span: Span {
                                                start: ByteIndex(13),
                                                end: ByteIndex(14),
                                            },
                                            attributes: [],
                                            kind: Typedef {
                                                name: "A",
                                                type: Some(
                                                    RefCell {
                                                        value: Type {
                                                            span: Span {
                                                                start: ByteIndex(1),
                                                                end: ByteIndex(13),
                                                            },
                                                            attributes: [],
                                                            kind: Int,
                                                        },
                                                    },
                                                ),
                                            },
                                        },
                                    },
                                    storage_classes: [],
                                    kind: Parameter,
                                    children: [],
                                },
                            },
                        ],
                        function_specs: [],
                        body: None,
                    },
                    children: [],
                },
            },
            RefCell {
                value: Declaration {
                    span: Span {
                        start: ByteIndex(45),
                        end: ByteIndex(68),
                    },
                    attributes: [],
                    name: "scanf",
                    type: RefCell {
                        value: Type {
                            span: Span {
                                start: ByteIndex(50),
                                end: ByteIndex(68),
                            },
                            attributes: [],
                            kind: Function {
                                return_type: RefCell {
                                    value: Type {
                                        span: Span {
                                            start: ByteIndex(40),
                                            end: ByteIndex(45),
                                        },
                                        attributes: [],
                                        kind: Void,
                                    },
                                },
                                parameters_type: [
                                    RefCell {
                                        value: Type {
                                            span: Span {
                                                start: ByteIndex(55),
                                                end: ByteIndex(57),
                                            },
                                            attributes: [],
                                            kind: Pointer(
                                                RefCell {
                                                    value: Type {
                                                        span: Span {
                                                            start: ByteIndex(51),
                                                            end: ByteIndex(55),
                                                        },
                                                        attributes: [],
                                                        kind: Char,
                                                    },
                                                },
                                            ),
                                        },
                                    },
                                ],
                                has_varparam: true,
                            },
                        },
                    },
                    storage_classes: [],
                    kind: Function {
                        parameter_decls: [
                            RefCell {
                                value: Declaration {
                                    span: Span {
                                        start: ByteIndex(55),
                                        end: ByteIndex(63),
                                    },
                                    attributes: [],
                                    name: "format",
                                    type: RefCell {
                                        value: Type {
                                            span: Span {
                                                start: ByteIndex(55),
                                                end: ByteIndex(57),
                                            },
                                            attributes: [],
                                            kind: Pointer(
                                                RefCell {
                                                    value: Type {
                                                        span: Span {
                                                            start: ByteIndex(51),
                                                            end: ByteIndex(55),
                                                        },
                                                        attributes: [],
                                                        kind: Char,
                                                    },
                                                },
                                            ),
                                        },
                                    },
                                    storage_classes: [],
                                    kind: Parameter,
                                    children: [],
                                },
                            },
                        ],
                        function_specs: [],
                        body: None,
                    },
                    children: [],
                },
            },
            RefCell {
                value: Declaration {
                    span: Span {
                        start: ByteIndex(74),
                        end: ByteIndex(81),
                    },
                    attributes: [],
                    name: "main",
                    type: RefCell {
                        value: Type {
                            span: Span {
                                start: ByteIndex(78),
                                end: ByteIndex(81),
                            },
                            attributes: [],
                            kind: Function {
                                return_type: RefCell {
                                    value: Type {
                                        span: Span {
                                            start: ByteIndex(70),
                                            end: ByteIndex(74),
                                        },
                                        attributes: [],
                                        kind: Int,
                                    },
                                },
                                parameters_type: [],
                                has_varparam: false,
                            },
                        },
                    },
                    storage_classes: [],
                    kind: Function {
                        parameter_decls: [],
                        function_specs: [],
                        body: Some(
                            RefCell {
                                value: Stmt {
                                    span: Span {
                                        start: ByteIndex(81),
                                        end: ByteIndex(145),
                                    },
                                    attributes: [],
                                    kind: Compound(
                                        [
                                            RefCell {
                                                value: Stmt {
                                                    span: Span {
                                                        start: ByteIndex(87),
                                                        end: ByteIndex(101),
                                                    },
                                                    attributes: [],
                                                    kind: Decl(
                                                        [
                                                            RefCell {
                                                                value: Declaration {
                                                                    span: Span {
                                                                        start: ByteIndex(99),
                                                                        end: ByteIndex(100),
                                                                    },
                                                                    attributes: [],
                                                                    name: "A",
                                                                    type: RefCell {
                                                                        value: Type {
                                                                            span: Span {
                                                                                start: ByteIndex(87),
                                                                                end: ByteIndex(99),
                                                                            },
                                                                            attributes: [],
                                                                            kind: Int,
                                                                        },
                                                                    },
                                                                    storage_classes: [
                                                                        StorageClass {
                                                                            span: Span {
                                                                                start: ByteIndex(87),
                                                                                end: ByteIndex(94),
                                                                            },
                                                                            kind: Typedef,
                                                                        },
                                                                    ],
                                                                    kind: Type,
                                                                    children: [],
                                                                },
                                                            },
                                                        ],
                                                    ),
                                                },
                                            },
                                            RefCell {
                                                value: Stmt {
                                                    span: Span {
                                                        start: ByteIndex(106),
                                                        end: ByteIndex(118),
                                                    },
                                                    attributes: [],
                                                    kind: Decl(
                                                        [
                                                            RefCell {
                                                                value: Declaration {
                                                                    span: Span {
                                                                        start: ByteIndex(116),
                                                                        end: ByteIndex(117),
                                                                    },
                                                                    attributes: [],
                                                                    name: "B",
                                                                    type: RefCell {
                                                                        value: Type {
                                                                            span: Span {
                                                                                start: ByteIndex(99),
                                                                                end: ByteIndex(100),
                                                                            },
                                                                            attributes: [],
                                                                            kind: Typedef {
                                                                                name: "A",
                                                                                type: Some(
                                                                                    RefCell {
                                                                                        value: Type {
                                                                                            span: Span {
                                                                                                start: ByteIndex(87),
                                                                                                end: ByteIndex(99),
                                                                                            },
                                                                                            attributes: [],
                                                                                            kind: Int,
                                                                                        },
                                                                                    },
                                                                                ),
                                                                            },
                                                                        },
                                                                    },
                                                                    storage_classes: [
                                                                        StorageClass {
                                                                            span: Span {
                                                                                start: ByteIndex(106),
                                                                                end: ByteIndex(113),
                                                                            },
                                                                            kind: Typedef,
                                                                        },
                                                                    ],
                                                                    kind: Type,
                                                                    children: [],
                                                                },
                                                            },
                                                        ],
                                                    ),
                                                },
                                            },
                                            RefCell {
                                                value: Stmt {
                                                    span: Span {
                                                        start: ByteIndex(123),
                                                        end: ByteIndex(125),
                                                    },
                                                    attributes: [],
                                                    kind: Decl(
                                                        [
                                                            RefCell {
                                                                value: Declaration {
                                                                    span: Span {
                                                                        start: ByteIndex(123),
                                                                        end: ByteIndex(125),
                                                                    },
                                                                    attributes: [],
                                                                    name: "",
                                                                    type: RefCell {
                                                                        value: Type {
                                                                            span: Span {
                                                                                start: ByteIndex(99),
                                                                                end: ByteIndex(100),
                                                                            },
                                                                            attributes: [],
                                                                            kind: Typedef {
                                                                                name: "A",
                                                                                type: Some(
                                                                                    RefCell {
                                                                                        value: Type {
                                                                                            span: Span {
                                                                                                start: ByteIndex(87),
                                                                                                end: ByteIndex(99),
                                                                                            },
                                                                                            attributes: [],
                                                                                            kind: Int,
                                                                                        },
                                                                                    },
                                                                                ),
                                                                            },
                                                                        },
                                                                    },
                                                                    storage_classes: [],
                                                                    kind: Var {
                                                                        initializer: None,
                                                                    },
                                                                    children: [],
                                                                },
                                                            },
                                                        ],
                                                    ),
                                                },
                                            },
                                            RefCell {
                                                value: Stmt {
                                                    span: Span {
                                                        start: ByteIndex(130),
                                                        end: ByteIndex(134),
                                                    },
                                                    attributes: [],
                                                    kind: Decl(
                                                        [
                                                            RefCell {
                                                                value: Declaration {
                                                                    span: Span {
                                                                        start: ByteIndex(132),
                                                                        end: ByteIndex(133),
                                                                    },
                                                                    attributes: [],
                                                                    name: "a",
                                                                    type: RefCell {
                                                                        value: Type {
                                                                            span: Span {
                                                                                start: ByteIndex(99),
                                                                                end: ByteIndex(100),
                                                                            },
                                                                            attributes: [],
                                                                            kind: Typedef {
                                                                                name: "A",
                                                                                type: Some(
                                                                                    RefCell {
                                                                                        value: Type {
                                                                                            span: Span {
                                                                                                start: ByteIndex(87),
                                                                                                end: ByteIndex(99),
                                                                                            },
                                                                                            attributes: [],
                                                                                            kind: Int,
                                                                                        },
                                                                                    },
                                                                                ),
                                                                            },
                                                                        },
                                                                    },
                                                                    storage_classes: [],
                                                                    kind: Var {
                                                                        initializer: None,
                                                                    },
                                                                    children: [],
                                                                },
                                                            },
                                                        ],
                                                    ),
                                                },
                                            },
                                            RefCell {
                                                value: Stmt {
                                                    span: Span {
                                                        start: ByteIndex(139),
                                                        end: ByteIndex(143),
                                                    },
                                                    attributes: [],
                                                    kind: Decl(
                                                        [
                                                            RefCell {
                                                                value: Declaration {
                                                                    span: Span {
                                                                        start: ByteIndex(141),
                                                                        end: ByteIndex(142),
                                                                    },
                                                                    attributes: [],
                                                                    name: "b",
                                                                    type: RefCell {
                                                                        value: Type {
                                                                            span: Span {
                                                                                start: ByteIndex(116),
                                                                                end: ByteIndex(117),
                                                                            },
                                                                            attributes: [],
                                                                            kind: Typedef {
                                                                                name: "B",
                                                                                type: Some(
                                                                                    RefCell {
                                                                                        value: Type {
                                                                                            span: Span {
                                                                                                start: ByteIndex(99),
                                                                                                end: ByteIndex(100),
                                                                                            },
                                                                                            attributes: [],
                                                                                            kind: Typedef {
                                                                                                name: "A",
                                                                                                type: Some(
                                                                                                    RefCell {
                                                                                                        value: Type {
                                                                                                            span: Span {
                                                                                                                start: ByteIndex(87),
                                                                                                                end: ByteIndex(99),
                                                                                                            },
                                                                                                            attributes: [],
                                                                                                            kind: Int,
                                                                                                        },
                                                                                                    },
                                                                                                ),
                                                                                            },
                                                                                        },
                                                                                    },
                                                                                ),
                                                                            },
                                                                        },
                                                                    },
                                                                    storage_classes: [],
                                                                    kind: Var {
                                                                        initializer: None,
                                                                    },
                                                                    children: [],
                                                                },
                                                            },
                                                        ],
                                                    ),
                                                },
                                            },
                                        ],
                                    ),
                                },
                            },
                        ),
                    },
                    children: [],
                },
            },
        ],
    },
}
