---
source: src/optimizer/constfolder/tests/mod.rs
expression: "ast.print_line(0).join(\"\\n\")"
---
TranslationUnit <(1, 1), (10, 1)>
  VarDecl <(2, 11), (2, 24)> GLOBAL_CONST const int 
    Initializer <(2, 26), (2, 29)> const int 100 
      Integer 10 100 [] <(2, 26), (2, 29)> int 100  
  VarDecl <(3, 5), (3, 16)> global_var int 
    Initializer <(3, 18), (3, 21)> int 200 
      Integer 10 200 [] <(3, 18), (3, 21)> int 200  
  FunctionDecl  <(5, 5), (6, 1)> main int() 
    Compound <(6, 1), (9, 2)>
      DeclStmt <(7, 5), (7, 30)>
        VarDecl <(7, 9), (7, 11)> p int 
          Initializer <(7, 13), (7, 29)> int  
            BinOp Add <(7, 26), (7, 27)> int   
              ImplicitCast <LToRValue> <(7, 13), (7, 25)> int   
                Name GLOBAL_CONST <(7, 13), (7, 25)> const int  lvalue 
              Integer 10 1 [] <(7, 28), (7, 29)> int 1  
      DeclStmt <(8, 5), (8, 28)>
        VarDecl <(8, 9), (8, 11)> q int 
          Initializer <(8, 13), (8, 27)> int  
            BinOp Add <(8, 24), (8, 25)> int   
              ImplicitCast <LToRValue> <(8, 13), (8, 23)> int   
                Name global_var <(8, 13), (8, 23)> int  lvalue 
              Integer 10 1 [] <(8, 26), (8, 27)> int 1
