---
source: src/codegen/riscv/tests/expr.rs
expression: codegen.to_string()
---
main:
    prologue:
        sd ra, -8(sp)
        sd sp, -16(sp)
        sd fp, -24(sp)
        mv fp, sp
        add sp, sp, -64
    entry:
        add t0, fp, -56
        add t2, t0, 0
        add t0, fp, -56
        add t3, t0, 4
        li t1, 3
        li t0, 4
        mul t0, t1, t0
        add t0, t3, t0
        lw t0, 0(t0)
        sw t0, 0(t2)
        add t0, fp, -56
        add t2, t0, 28
        add t0, fp, -56
        add t0, t0, 28
        lbu t1, 0(t0)
        srl t1, t1, 2
        and t1, t1, 15
        sll t1, t1, 60
        sra t1, t1, 60
        lbu t0, 0(t2)
        and t0, t0, -4
        and t1, t1, 3
        sll t1, t1, 0
        or t1, t1, t0
        sb t1, 0(t2)
        li a0, 0
        ld ra, -8(fp)
        ld sp, -16(fp)
        ld fp, -24(fp)
        ret 
    .global main
