---
source: src/codegen/riscv/tests/expr.rs
expression: codegen.to_string()
---
main:
    prologue:
        mv fp, sp
        sub sp, sp, 29
    entry:
        add x33, fp, -29
        add x32, x33, 0
        add x35, fp, -29
        add x34, x35, 4
        mul x36, 3, 4
        add x37, x34, x36
        lw x38, x37
        sw x38, x32
        add x40, fp, -29
        add x39, x40, 28
        add x42, fp, -29
        add x41, x42, 28
        lbu x43, x41
        srl x43, x43, 2
        and x43, x43, 15
        sll x43, x43, 60
        sra x43, x43, 60
        lbu x44, x39
        and x44, x44, -4
        and x43, x43, 3
        sll x43, x43, 0
        or x43, x43, x44
        sb x43, x39
        li a0, 0
        ret
