---
source: src/codegen/riscv/tests/decl.rs
expression: codegen.to_string()
---
a:
    prologue:
        sd ra, -8(sp)
        sd sp, -16(sp)
        sd fp, -24(sp)
        mv fp, sp
        add sp, sp, -32
    entry:
        ld ra, -8(fp)
        ld sp, -16(fp)
        ld fp, -24(fp)
        ret 
b:
    prologue2:
        sd ra, -8(sp)
        sd sp, -16(sp)
        sd fp, -24(sp)
        mv fp, sp
        add sp, sp, -32
    entry2:
        li a0, 0
        ld ra, -8(fp)
        ld sp, -16(fp)
        ld fp, -24(fp)
        ret 
c:
    prologue3:
        sd ra, -8(sp)
        sd sp, -16(sp)
        sd fp, -24(sp)
        mv fp, sp
        add sp, sp, -32
    entry3:
        sd a0, -32(fp)
        lb t0, -32(fp)
        fcvt.s.l ft0, t0
        fmv.s fa0, ft0
        ld ra, -8(fp)
        ld sp, -16(fp)
        ld fp, -24(fp)
        ret 
        li a0, 0
        fcvt.s.wu fa0, a0
        ld ra, -8(fp)
        ld sp, -16(fp)
        ld fp, -24(fp)
        ret 
d:
    prologue4:
        sd ra, -8(sp)
        sd sp, -16(sp)
        sd fp, -24(sp)
        mv fp, sp
        add sp, sp, -48
    entry4:
        sd a0, -32(fp)
        sd a1, -40(fp)
        li a0, 0
        fcvt.d.wu fa0, a0
        ld ra, -8(fp)
        ld sp, -16(fp)
        ld fp, -24(fp)
        ret 
    .global a
    .global b
    .global c
    .global d
