---
source: src/codegen/riscv/tests/init.rs
expression: codegen.to_string()
---
main:
    prologue:
        sd ra, -8(sp)
        sd sp, -16(sp)
        sd fp, -24(sp)
        mv fp, sp
        add sp, sp, -64
    entry:
        add t0, fp, -48
        add t1, t0, 8
        li t0, 3
        sw t0, 0(t1)
        add t0, fp, -48
        add t1, t0, 12
        li t0, 4
        sw t0, 0(t1)
        add t0, fp, -64
        add t1, t0, 0
        li t0, 1
        sw t0, 0(t1)
        lw t0, -64(fp)
        sw t0, -56(fp)
        li a0, 0
        ld ra, -8(fp)
        ld sp, -16(fp)
        ld fp, -24(fp)
        ret 
    .global main
