---
source: src/codegen/riscv/tests/expr.rs
expression: codegen.to_string()
---
main:
    prologue:
        mv fp, sp
        sub sp, sp, 35
    entry:
        sd ra, -8(fp)
        sd a0, -16(fp)
        lh x32, -19(fp)
        and x33, x32, 1
        sb x33, -17(fp)
        lwu x34, -23(fp)
        and x35, x34, 1
        sb x35, -17(fp)
        lb x36, -17(fp)
        sll x37, x36, 56
        sra x37, x37, 56
        sh x37, -19(fp)
        lb x38, -17(fp)
        sll x39, x38, 56
        sra x39, x39, 56
        sw x39, -23(fp)
        add x40, fp, -27
        flw f32, x40
        fcvt.l.s x41, f32
        sb x41, -17(fp)
        lwu x42, -23(fp)
        fcvt.s.lu f33, x42
        fsw f33, -27(fp)
        lh x43, -19(fp)
        fcvt.d.l f34, x43
        fsd f34, -35(fp)
        add x44, fp, -35
        fld f35, x44
        fcvt.l.d x45, f35
        sh x45, -19(fp)
        li a0, 0
        ld ra, -8(fp)
        ret
